../Core/Src/main.c:131:5:main	8	static
../Core/Src/main.c:192:6:SystemClock_Config	88	static
../Core/Src/main.c:235:6:timer_callback	24	static
../Core/Src/main.c:259:6:imu_calibration_callback	32	static
../Core/Src/main.c:284:6:imu_status_callback	24	static
../Core/Src/main.c:292:6:check_device_connection	24	static
../Core/Src/main.c:303:6:StartDefaultTask	216	static
../Core/Src/main.c:412:6:HAL_TIM_PeriodElapsedCallback	16	static
../Core/Src/main.c:429:6:Error_Handler	4	static,ignoring_inline_asm
