Archive member included to satisfy reference by file (symbol)

../micro_ros_stm32cubemx_utils/microros_static_library_ide/libmicroros/libmicroros.a(librcl-init_options.c.obj)
                              ./Core/Src/app_freertos.o (rcl_get_zero_initialized_init_options)
../micro_ros_stm32cubemx_utils/microros_static_library_ide/libmicroros/libmicroros.a(librcl-publisher.c.obj)
                              ./Core/Src/app_freertos.o (rcl_publish)
../micro_ros_stm32cubemx_utils/microros_static_library_ide/libmicroros/libmicroros.a(librclc-init.c.obj)
                              ./Core/Src/app_freertos.o (rclc_support_init_with_options)
../micro_ros_stm32cubemx_utils/microros_static_library_ide/libmicroros/libmicroros.a(librclc-node.c.obj)
                              ./Core/Src/app_freertos.o (rclc_node_init_default)
../micro_ros_stm32cubemx_utils/microros_static_library_ide/libmicroros/libmicroros.a(librclc-publisher.c.obj)
                              ./Core/Src/app_freertos.o (rclc_publisher_init_default)
../micro_ros_stm32cubemx_utils/microros_static_library_ide/libmicroros/libmicroros.a(librcutils-allocator.c.obj)
                              ./Core/Src/app_freertos.o (rcutils_get_zero_initialized_allocator)
../micro_ros_stm32cubemx_utils/microros_static_library_ide/libmicroros/libmicroros.a(librcutils-error_handling.c.obj)
                              ../micro_ros_stm32cubemx_utils/microros_static_library_ide/libmicroros/libmicroros.a(librcl-init_options.c.obj) (rcutils_get_error_string)
../micro_ros_stm32cubemx_utils/microros_static_library_ide/libmicroros/libmicroros.a(librmw-init_options.c.obj)
                              ../micro_ros_stm32cubemx_utils/microros_static_library_ide/libmicroros/libmicroros.a(librcl-init_options.c.obj) (rmw_get_zero_initialized_init_options)
../micro_ros_stm32cubemx_utils/microros_static_library_ide/libmicroros/libmicroros.a(librmw-publisher_options.c.obj)
                              ../micro_ros_stm32cubemx_utils/microros_static_library_ide/libmicroros/libmicroros.a(librcl-publisher.c.obj) (rmw_get_default_publisher_options)
../micro_ros_stm32cubemx_utils/microros_static_library_ide/libmicroros/libmicroros.a(librmw-security_options.c.obj)
                              ../micro_ros_stm32cubemx_utils/microros_static_library_ide/libmicroros/libmicroros.a(librmw-init_options.c.obj) (rmw_get_default_security_options)
../micro_ros_stm32cubemx_utils/microros_static_library_ide/libmicroros/libmicroros.a(librmw_microxrcedds-custom_transport.c.obj)
                              ./Core/Src/app_freertos.o (rmw_uros_set_custom_transport)
../micro_ros_stm32cubemx_utils/microros_static_library_ide/libmicroros/libmicroros.a(librmw_microxrcedds-rmw_init.c.obj)
                              ../micro_ros_stm32cubemx_utils/microros_static_library_ide/libmicroros/libmicroros.a(librcl-init_options.c.obj) (rmw_init_options_init)
../micro_ros_stm32cubemx_utils/microros_static_library_ide/libmicroros/libmicroros.a(librmw_microxrcedds-rmw_node.c.obj)
                              ../micro_ros_stm32cubemx_utils/microros_static_library_ide/libmicroros/libmicroros.a(librmw_microxrcedds-rmw_init.c.obj) (rmw_destroy_node)
../micro_ros_stm32cubemx_utils/microros_static_library_ide/libmicroros/libmicroros.a(librmw_microxrcedds-rmw_publish.c.obj)
                              ../micro_ros_stm32cubemx_utils/microros_static_library_ide/libmicroros/libmicroros.a(librcl-publisher.c.obj) (rmw_publish)
../micro_ros_stm32cubemx_utils/microros_static_library_ide/libmicroros/libmicroros.a(librmw_microxrcedds-rmw_publisher.c.obj)
                              ../micro_ros_stm32cubemx_utils/microros_static_library_ide/libmicroros/libmicroros.a(librcl-publisher.c.obj) (rmw_create_publisher)
../micro_ros_stm32cubemx_utils/microros_static_library_ide/libmicroros/libmicroros.a(librmw_microxrcedds-rmw_service.c.obj)
                              ../micro_ros_stm32cubemx_utils/microros_static_library_ide/libmicroros/libmicroros.a(librmw_microxrcedds-rmw_node.c.obj) (rmw_destroy_service)
../micro_ros_stm32cubemx_utils/microros_static_library_ide/libmicroros/libmicroros.a(librmw_microxrcedds-rmw_subscription.c.obj)
                              ../micro_ros_stm32cubemx_utils/microros_static_library_ide/libmicroros/libmicroros.a(librmw_microxrcedds-rmw_node.c.obj) (rmw_destroy_subscription)
../micro_ros_stm32cubemx_utils/microros_static_library_ide/libmicroros/libmicroros.a(librmw_microxrcedds-rmw_uxrce_transports.c.obj)
                              ../micro_ros_stm32cubemx_utils/microros_static_library_ide/libmicroros/libmicroros.a(librmw_microxrcedds-rmw_init.c.obj) (rmw_uxrce_transport_init)
../micro_ros_stm32cubemx_utils/microros_static_library_ide/libmicroros/libmicroros.a(librmw_microxrcedds-types.c.obj)
                              ../micro_ros_stm32cubemx_utils/microros_static_library_ide/libmicroros/libmicroros.a(librmw_microxrcedds-rmw_init.c.obj) (rmw_uxrce_init_service_memory)
[...]
Memory Configuration

Name             Origin             Length             Attributes
RAM              0x20000000         0x00020000         xrw
FLASH            0x08000000         0x00080000         xr
*default*        0x00000000         0xffffffff

Linker script and memory map

LOAD /opt/st/stm32cubeide_1.16.1/plugins/com.st.stm32cube.ide.mcu.externaltools.gnu-tools-for-stm32.12.3.rel1.linux64_1.0.200.202406132123/tools/bin/../lib/gcc/arm-none-eabi/12.3.1/thumb/v7e-m+fp/hard/crti.o
LOAD /opt/st/stm32cubeide_1.16.1/plugins/com.st.stm32cube.ide.mcu.externaltools.gnu-tools-for-stm32.12.3.rel1.linux64_1.0.200.202406132123/tools/bin/../lib/gcc/arm-none-eabi/12.3.1/thumb/v7e-m+fp/hard/crtbegin.o
LOAD /opt/st/stm32cubeide_1.16.1/plugins/com.st.stm32cube.ide.mcu.externaltools.gnu-tools-for-stm32.12.3.rel1.linux64_1.0.200.202406132123/tools/bin/../lib/gcc/arm-none-eabi/12.3.1/../../../../arm-none-eabi/lib/thumb/v7e-m+fp/hard/crt0.o
LOAD ./Core/Src/app_freertos.o
LOAD ./Core/Src/custom_memory_manager.o
LOAD ./Core/Src/dma.o
LOAD ./Core/Src/dma_transport.o
LOAD ./Core/Src/gpio.o
LOAD ./Core/Src/main.o
LOAD ./Core/Src/microros_allocators.o
LOAD ./Core/Src/microros_time.o
LOAD ./Core/Src/stm32g4xx_hal_msp.o
LOAD ./Core/Src/stm32g4xx_hal_timebase_tim.o
LOAD ./Core/Src/stm32g4xx_it.o
LOAD ./Core/Src/syscalls.o
LOAD ./Core/Src/sysmem.o
LOAD ./Core/Src/system_stm32g4xx.o
LOAD ./Core/Src/usart.o
LOAD ./Core/Startup/startup_stm32g474retx.o
LOAD ./Drivers/STM32G4xx_HAL_Driver/Src/stm32g4xx_hal.o
LOAD ./Drivers/STM32G4xx_HAL_Driver/Src/stm32g4xx_hal_cortex.o
LOAD ./Drivers/STM32G4xx_HAL_Driver/Src/stm32g4xx_hal_dma.o
LOAD ./Drivers/STM32G4xx_HAL_Driver/Src/stm32g4xx_hal_dma_ex.o
LOAD ./Drivers/STM32G4xx_HAL_Driver/Src/stm32g4xx_hal_exti.o
LOAD ./Drivers/STM32G4xx_HAL_Driver/Src/stm32g4xx_hal_flash.o
LOAD ./Drivers/STM32G4xx_HAL_Driver/Src/stm32g4xx_hal_flash_ex.o
LOAD ./Drivers/STM32G4xx_HAL_Driver/Src/stm32g4xx_hal_flash_ramfunc.o
LOAD ./Drivers/STM32G4xx_HAL_Driver/Src/stm32g4xx_hal_gpio.o
LOAD ./Drivers/STM32G4xx_HAL_Driver/Src/stm32g4xx_hal_pwr.o
LOAD ./Drivers/STM32G4xx_HAL_Driver/Src/stm32g4xx_hal_pwr_ex.o
LOAD ./Drivers/STM32G4xx_HAL_Driver/Src/stm32g4xx_hal_rcc.o
LOAD ./Drivers/STM32G4xx_HAL_Driver/Src/stm32g4xx_hal_rcc_ex.o
LOAD ./Drivers/STM32G4xx_HAL_Driver/Src/stm32g4xx_hal_tim.o
LOAD ./Drivers/STM32G4xx_HAL_Driver/Src/stm32g4xx_hal_tim_ex.o
LOAD ./Drivers/STM32G4xx_HAL_Driver/Src/stm32g4xx_hal_uart.o
LOAD ./Drivers/STM32G4xx_HAL_Driver/Src/stm32g4xx_hal_uart_ex.o
LOAD ./Middlewares/Third_Party/FreeRTOS/Source/CMSIS_RTOS_V2/cmsis_os2.o
LOAD ./Middlewares/Third_Party/FreeRTOS/Source/croutine.o
LOAD ./Middlewares/Third_Party/FreeRTOS/Source/event_groups.o
LOAD ./Middlewares/Third_Party/FreeRTOS/Source/list.o
LOAD ./Middlewares/Third_Party/FreeRTOS/Source/queue.o
LOAD ./Middlewares/Third_Party/FreeRTOS/Source/stream_buffer.o
LOAD ./Middlewares/Third_Party/FreeRTOS/Source/tasks.o
LOAD ./Middlewares/Third_Party/FreeRTOS/Source/timers.o
LOAD ./Middlewares/Third_Party/FreeRTOS/Source/portable/GCC/ARM_CM4F/port.o
LOAD ./Middlewares/Third_Party/FreeRTOS/Source/portable/MemMang/heap_4.o
LOAD ../micro_ros_stm32cubemx_utils/microros_static_library_ide/libmicroros/libmicroros.a
START GROUP
LOAD /opt/st/stm32cubeide_1.16.1/plugins/com.st.stm32cube.ide.mcu.externaltools.gnu-tools-for-stm32.12.3.rel1.linux64_1.0.200.202406132123/tools/bin/../lib/gcc/arm-none-eabi/12.3.1/../../../../arm-none-eabi/lib/thumb/v7e-m+fp/hard/libc_nano.a
LOAD /opt/st/stm32cubeide_1.16.1/plugins/com.st.stm32cube.ide.mcu.externaltools.gnu-tools-for-stm32.12.3.rel1.linux64_1.0.200.202406132123/tools/bin/../lib/gcc/arm-none-eabi/12.3.1/../../../../arm-none-eabi/lib/thumb/v7e-m+fp/hard/libm.a
END GROUP
START GROUP
LOAD /opt/st/stm32cubeide_1.16.1/plugins/com.st.stm32cube.ide.mcu.externaltools.gnu-tools-for-stm32.12.3.rel1.linux64_1.0.200.202406132123/tools/bin/../lib/gcc/arm-none-eabi/12.3.1/thumb/v7e-m+fp/hard/libgcc.a
LOAD /opt/st/stm32cubeide_1.16.1/plugins/com.st.stm32cube.ide.mcu.externaltools.gnu-tools-for-stm32.12.3.rel1.linux64_1.0.200.202406132123/tools/bin/../lib/gcc/arm-none-eabi/12.3.1/../../../../arm-none-eabi/lib/thumb/v7e-m+fp/hard/libc_nano.a
END GROUP
START GROUP
LOAD /opt/st/stm32cubeide_1.16.1/plugins/com.st.stm32cube.ide.mcu.externaltools.gnu-tools-for-stm32.12.3.rel1.linux64_1.0.200.202406132123/tools/bin/../lib/gcc/arm-none-eabi/12.3.1/thumb/v7e-m+fp/hard/libgcc.a
LOAD /opt/st/stm32cubeide_1.16.1/plugins/com.st.stm32cube.ide.mcu.externaltools.gnu-tools-for-stm32.12.3.rel1.linux64_1.0.200.202406132123/tools/bin/../lib/gcc/arm-none-eabi/12.3.1/../../../../arm-none-eabi/lib/thumb/v7e-m+fp/hard/libc_nano.a
LOAD /opt/st/stm32cubeide_1.16.1/plugins/com.st.stm32cube.ide.mcu.externaltools.gnu-tools-for-stm32.12.3.rel1.linux64_1.0.200.202406132123/tools/bin/../lib/gcc/arm-none-eabi/12.3.1/../../../../arm-none-eabi/lib/thumb/v7e-m+fp/hard/libnosys.a
END GROUP
START GROUP
LOAD /opt/st/stm32cubeide_1.16.1/plugins/com.st.stm32cube.ide.mcu.externaltools.gnu-tools-for-stm32.12.3.rel1.linux64_1.0.200.202406132123/tools/bin/../lib/gcc/arm-none-eabi/12.3.1/thumb/v7e-m+fp/hard/libgcc.a
LOAD /opt/st/stm32cubeide_1.16.1/plugins/com.st.stm32cube.ide.mcu.externaltools.gnu-tools-for-stm32.12.3.rel1.linux64_1.0.200.202406132123/tools/bin/../lib/gcc/arm-none-eabi/12.3.1/../../../../arm-none-eabi/lib/thumb/v7e-m+fp/hard/libc_nano.a
LOAD /opt/st/stm32cubeide_1.16.1/plugins/com.st.stm32cube.ide.mcu.externaltools.gnu-tools-for-stm32.12.3.rel1.linux64_1.0.200.202406132123/tools/bin/../lib/gcc/arm-none-eabi/12.3.1/../../../../arm-none-eabi/lib/thumb/v7e-m+fp/hard/libnosys.a
END GROUP
LOAD /opt/st/stm32cubeide_1.16.1/plugins/com.st.stm32cube.ide.mcu.externaltools.gnu-tools-for-stm32.12.3.rel1.linux64_1.0.200.202406132123/tools/bin/../lib/gcc/arm-none-eabi/12.3.1/thumb/v7e-m+fp/hard/crtend.o
LOAD /opt/st/stm32cubeide_1.16.1/plugins/com.st.stm32cube.ide.mcu.externaltools.gnu-tools-for-stm32.12.3.rel1.linux64_1.0.200.202406132123/tools/bin/../lib/gcc/arm-none-eabi/12.3.1/thumb/v7e-m+fp/hard/crtn.o
                0x20020000                        _estack = (ORIGIN (RAM) + LENGTH (RAM))
                0x00000200                        _Min_Heap_Size = 0x200
                0x00000400                        _Min_Stack_Size = 0x400

.isr_vector     0x08000000      0x1d8
                0x08000000                        . = ALIGN (0x4)
 *(.isr_vector)
 .isr_vector    0x08000000      0x1d8 ./Core/Startup/startup_stm32g474retx.o
                0x08000000                g_pfnVectors
                0x080001d8                        . = ALIGN (0x4)

.text           0x080001e0    0x12540
                0x080001e0                        . = ALIGN (0x4)
 *(.text)
 .text          0x080001e0       0x40 /opt/st/stm32cubeide_1.16.1/plugins/com.st.stm32cube.ide.mcu.externaltools.gnu-tools-for-stm32.12.3.rel1.linux64_1.0.200.202406132123/tools/bin/../lib/gcc/arm-none-eabi/12.3.1/thumb/v7e-m+fp/hard/crtbegin.o
 .text          0x08000220       0x14 /opt/st/stm32cubeide_1.16.1/plugins/com.st.stm32cube.ide.mcu.externaltools.gnu-tools-for-stm32.12.3.rel1.linux64_1.0.200.202406132123/tools/bin/../lib/gcc/arm-none-eabi/12.3.1/../../../../arm-none-eabi/lib/thumb/v7e-m+fp/hard/libc_nano.a(libc_a-strcmp.o)
                0x08000220                strcmp
 .text          0x08000234       0x10 /opt/st/stm32cubeide_1.16.1/plugins/com.st.stm32cube.ide.mcu.externaltools.gnu-tools-for-stm32.12.3.rel1.linux64_1.0.200.202406132123/tools/bin/../lib/gcc/arm-none-eabi/12.3.1/../../../../arm-none-eabi/lib/thumb/v7e-m+fp/hard/libc_nano.a(libc_a-strlen.o)
                0x08000234                strlen
 *fill*         0x08000244        0xc 
 .text          0x08000250       0xa0 /opt/st/stm32cubeide_1.16.1/plugins/com.st.stm32cube.ide.mcu.externaltools.gnu-tools-for-stm32.12.3.rel1.linux64_1.0.200.202406132123/tools/bin/../lib/gcc/arm-none-eabi/12.3.1/../../../../arm-none-eabi/lib/thumb/v7e-m+fp/hard/libc_nano.a(libc_a-memchr.o)
                0x08000250                memchr
 .text          0x080002f0       0xa0 /opt/st/stm32cubeide_1.16.1/plugins/com.st.stm32cube.ide.mcu.externaltools.gnu-tools-for-stm32.12.3.rel1.linux64_1.0.200.202406132123/tools/bin/../lib/gcc/arm-none-eabi/12.3.1/thumb/v7e-m+fp/hard/libgcc.a(_aeabi_ldivmod.o)
                0x080002f0                __aeabi_ldivmod
 .text          0x08000390       0x30 /opt/st/stm32cubeide_1.16.1/plugins/com.st.stm32cube.ide.mcu.externaltools.gnu-tools-for-stm32.12.3.rel1.linux64_1.0.200.202406132123/tools/bin/../lib/gcc/arm-none-eabi/12.3.1/thumb/v7e-m+fp/hard/libgcc.a(_aeabi_uldivmod.o)
                0x08000390                __aeabi_uldivmod
 .text          0x080003c0      0x2bc /opt/st/stm32cubeide_1.16.1/plugins/com.st.stm32cube.ide.mcu.externaltools.gnu-tools-for-stm32.12.3.rel1.linux64_1.0.200.202406132123/tools/bin/../lib/gcc/arm-none-eabi/12.3.1/thumb/v7e-m+fp/hard/libgcc.a(_udivmoddi4.o)
                0x080003c0                __udivmoddi4
 .text          0x0800067c        0x4 /opt/st/stm32cubeide_1.16.1/plugins/com.st.stm32cube.ide.mcu.externaltools.gnu-tools-for-stm32.12.3.rel1.linux64_1.0.200.202406132123/tools/bin/../lib/gcc/arm-none-eabi/12.3.1/thumb/v7e-m+fp/hard/libgcc.a(_dvmd_tls.o)
                0x0800067c                __aeabi_ldiv0
                0x0800067c                __aeabi_idiv0
 *(.text*)
 .text.MX_FREERTOS_Init
                0x08000680       0x24 ./Core/Src/app_freertos.o
                0x08000680                MX_FREERTOS_Init
 .text.StartDefaultTask
                0x080006a4      0x144 ./Core/Src/app_freertos.o
                0x080006a4                StartDefaultTask
 .text.pvPortMallocMicroROS
                0x080007e8      0x190 ./Core/Src/custom_memory_manager.o
                0x080007e8                pvPortMallocMicroROS
 .text.vPortFreeMicroROS
                0x08000978       0xb8 ./Core/Src/custom_memory_manager.o
                0x08000978                vPortFreeMicroROS
 .text.getBlockSize
                0x08000a30       0x3c ./Core/Src/custom_memory_manager.o
                0x08000a30                getBlockSize
 .text.pvPortReallocMicroROS
                0x08000a6c       0x5a ./Core/Src/custom_memory_manager.o
                0x08000a6c                pvPortReallocMicroROS
 .text.pvPortCallocMicroROS
                0x08000ac6       0x48 ./Core/Src/custom_memory_manager.o
                0x08000ac6                pvPortCallocMicroROS
 *fill*         0x08000b0e        0x2 
 .text.prvHeapInit
                0x08000b10       0xc4 ./Core/Src/custom_memory_manager.o
 .text.prvInsertBlockIntoFreeList
                0x08000bd4       0xb4 ./Core/Src/custom_memory_manager.o
 .text.MX_DMA_Init
                0x08000c88       0x64 ./Core/Src/dma.o
                0x08000c88                MX_DMA_Init
 .text.cubemx_transport_open
                0x08000cec       0x2c ./Core/Src/dma_transport.o
                0x08000cec                cubemx_transport_open
 .text.cubemx_transport_close
                0x08000d18       0x20 ./Core/Src/dma_transport.o
                0x08000d18                cubemx_transport_close
 .text.cubemx_transport_write
                0x08000d38       0x62 ./Core/Src/dma_transport.o
                0x08000d38                cubemx_transport_write
 *fill*         0x08000d9a        0x2 
 .text.cubemx_transport_read
                0x08000d9c       0xa8 ./Core/Src/dma_transport.o
                0x08000d9c                cubemx_transport_read
 .text.MX_GPIO_Init
                0x08000e44       0xdc ./Core/Src/gpio.o
                0x08000e44                MX_GPIO_Init
 .text.main     0x08000f20       0x28 ./Core/Src/main.o
                0x08000f20                main
 .text.SystemClock_Config
                0x08000f48       0x92 ./Core/Src/main.o
                0x08000f48                SystemClock_Config
 *fill*         0x08000fda        0x2 
 .text.HAL_TIM_PeriodElapsedCallback
                0x08000fdc       0x24 ./Core/Src/main.o
                0x08000fdc                HAL_TIM_PeriodElapsedCallback
 .text.Error_Handler
                0x08001000        0xc ./Core/Src/main.o
                0x08001000                Error_Handler
 .text.microros_allocate
                0x0800100c       0x44 ./Core/Src/microros_allocators.o
                0x0800100c                microros_allocate
 .text.microros_deallocate
                0x08001050       0x38 ./Core/Src/microros_allocators.o
                0x08001050                microros_deallocate
 .text.microros_reallocate
                0x08001088       0x6c ./Core/Src/microros_allocators.o
                0x08001088                microros_reallocate
 .text.microros_zero_allocate
                0x080010f4       0x50 ./Core/Src/microros_allocators.o
                0x080010f4                microros_zero_allocate
 *fill*         0x08001144        0x4 
 .text.UTILS_NanosecondsToTimespec
                0x08001148       0xa0 ./Core/Src/microros_time.o
                0x08001148                UTILS_NanosecondsToTimespec
 .text.clock_gettime
                0x080011e8       0xee ./Core/Src/microros_time.o
                0x080011e8                clock_gettime
 *fill*         0x080012d6        0x2 
 .text.HAL_MspInit
                0x080012d8       0x54 ./Core/Src/stm32g4xx_hal_msp.o
                0x080012d8                HAL_MspInit
 .text.HAL_InitTick
                0x0800132c       0xd8 ./Core/Src/stm32g4xx_hal_timebase_tim.o
                0x0800132c                HAL_InitTick
 .text.NMI_Handler
                0x08001404        0x8 ./Core/Src/stm32g4xx_it.o
                0x08001404                NMI_Handler
 .text.HardFault_Handler
                0x0800140c        0x8 ./Core/Src/stm32g4xx_it.o
                0x0800140c                HardFault_Handler
 .text.MemManage_Handler
                0x08001414        0x8 ./Core/Src/stm32g4xx_it.o
                0x08001414                MemManage_Handler
 .text.BusFault_Handler
                0x0800141c        0x8 ./Core/Src/stm32g4xx_it.o
                0x0800141c                BusFault_Handler
 .text.UsageFault_Handler
                0x08001424        0x8 ./Core/Src/stm32g4xx_it.o
                0x08001424                UsageFault_Handler
 .text.DebugMon_Handler
                0x0800142c        0xe ./Core/Src/stm32g4xx_it.o
                0x0800142c                DebugMon_Handler
 *fill*         0x0800143a        0x2 
 .text.DMA1_Channel1_IRQHandler
                0x0800143c       0x14 ./Core/Src/stm32g4xx_it.o
                0x0800143c                DMA1_Channel1_IRQHandler
 .text.DMA1_Channel2_IRQHandler
                0x08001450       0x14 ./Core/Src/stm32g4xx_it.o
                0x08001450                DMA1_Channel2_IRQHandler
 .text.TIM1_UP_TIM16_IRQHandler
                0x08001464       0x14 ./Core/Src/stm32g4xx_it.o
                0x08001464                TIM1_UP_TIM16_IRQHandler
 .text.EXTI15_10_IRQHandler
                0x08001478       0x10 ./Core/Src/stm32g4xx_it.o
                0x08001478                EXTI15_10_IRQHandler
 .text.LPUART1_IRQHandler
                0x08001488       0x14 ./Core/Src/stm32g4xx_it.o
                0x08001488                LPUART1_IRQHandler
 .text._getpid  0x0800149c       0x10 ./Core/Src/syscalls.o
                0x0800149c                _getpid
 .text._kill    0x080014ac       0x20 ./Core/Src/syscalls.o
                0x080014ac                _kill
 .text._exit    0x080014cc       0x16 ./Core/Src/syscalls.o
                0x080014cc                _exit
 .text._read    0x080014e2       0x3a ./Core/Src/syscalls.o
                0x080014e2                _read
 .text._write   0x0800151c       0x38 ./Core/Src/syscalls.o
                0x0800151c                _write
 .text._close   0x08001554       0x18 ./Core/Src/syscalls.o
                0x08001554                _close
 .text._fstat   0x0800156c       0x20 ./Core/Src/syscalls.o
                0x0800156c                _fstat
 .text._isatty  0x0800158c       0x16 ./Core/Src/syscalls.o
                0x0800158c                _isatty
 .text._lseek   0x080015a2       0x1a ./Core/Src/syscalls.o
                0x080015a2                _lseek
 .text._sbrk    0x080015bc       0x6c ./Core/Src/sysmem.o
                0x080015bc                _sbrk
 .text.SystemInit
                0x08001628       0x24 ./Core/Src/system_stm32g4xx.o
                0x08001628                SystemInit
 .text.MX_LPUART1_UART_Init
                0x0800164c       0x94 ./Core/Src/usart.o
                0x0800164c                MX_LPUART1_UART_Init
 .text.HAL_UART_MspInit
                0x080016e0      0x17c ./Core/Src/usart.o
                0x080016e0                HAL_UART_MspInit
 .text.Reset_Handler
                0x0800185c       0x50 ./Core/Startup/startup_stm32g474retx.o
                0x0800185c                Reset_Handler
 .text.Default_Handler
                0x080018ac        0x2 ./Core/Startup/startup_stm32g474retx.o
                0x080018ac                RTC_Alarm_IRQHandler
                0x080018ac                EXTI2_IRQHandler
                0x080018ac                TIM8_TRG_COM_IRQHandler
                0x080018ac                TIM8_CC_IRQHandler
                0x080018ac                HRTIM1_Master_IRQHandler
                0x080018ac                SPI4_IRQHandler
                0x080018ac                FDCAN3_IT0_IRQHandler
                0x080018ac                TIM1_CC_IRQHandler
                0x080018ac                HRTIM1_FLT_IRQHandler
                0x080018ac                HRTIM1_TIMF_IRQHandler
                0x080018ac                USB_HP_IRQHandler
                0x080018ac                CORDIC_IRQHandler
                0x080018ac                HRTIM1_TIMD_IRQHandler
                0x080018ac                DMA2_Channel8_IRQHandler
                0x080018ac                EXTI3_IRQHandler
                0x080018ac                I2C3_ER_IRQHandler
                0x080018ac                EXTI0_IRQHandler
                0x080018ac                I2C2_EV_IRQHandler
                0x080018ac                FPU_IRQHandler
                0x080018ac                FDCAN1_IT1_IRQHandler
                0x080018ac                ADC1_2_IRQHandler
                0x080018ac                HRTIM1_TIME_IRQHandler
                0x080018ac                SPI1_IRQHandler
                0x080018ac                TIM6_DAC_IRQHandler
                0x080018ac                HRTIM1_TIMC_IRQHandler
                0x080018ac                TIM8_UP_IRQHandler
                0x080018ac                DMA2_Channel2_IRQHandler
                0x080018ac                DMA1_Channel4_IRQHandler
                0x080018ac                TIM20_TRG_COM_IRQHandler
                0x080018ac                USART3_IRQHandler
                0x080018ac                DMA1_Channel7_IRQHandler
                0x080018ac                UART5_IRQHandler
                0x080018ac                ADC3_IRQHandler
                0x080018ac                TIM4_IRQHandler
                0x080018ac                DMA2_Channel1_IRQHandler
                0x080018ac                QUADSPI_IRQHandler
                0x080018ac                I2C1_EV_IRQHandler
                0x080018ac                DMA1_Channel6_IRQHandler
                0x080018ac                UART4_IRQHandler
                0x080018ac                DMA2_Channel4_IRQHandler
                0x080018ac                TIM3_IRQHandler
                0x080018ac                RCC_IRQHandler
                0x080018ac                TIM20_UP_IRQHandler
                0x080018ac                Default_Handler
                0x080018ac                DMA2_Channel7_IRQHandler
                0x080018ac                RTC_TAMP_LSECSS_IRQHandler
                0x080018ac                FMAC_IRQHandler
                0x080018ac                DMA1_Channel8_IRQHandler
                0x080018ac                HRTIM1_TIMA_IRQHandler
                0x080018ac                TIM7_DAC_IRQHandler
                0x080018ac                FDCAN3_IT1_IRQHandler
                0x080018ac                TIM5_IRQHandler
                0x080018ac                UCPD1_IRQHandler
                0x080018ac                I2C3_EV_IRQHandler
                0x080018ac                EXTI9_5_IRQHandler
                0x080018ac                RTC_WKUP_IRQHandler
                0x080018ac                PVD_PVM_IRQHandler
                0x080018ac                SPI2_IRQHandler
                0x080018ac                ADC5_IRQHandler
                0x080018ac                DMA2_Channel5_IRQHandler
                0x080018ac                CRS_IRQHandler
                0x080018ac                DMA1_Channel5_IRQHandler
                0x080018ac                USB_LP_IRQHandler
                0x080018ac                EXTI4_IRQHandler
                0x080018ac                RNG_IRQHandler
                0x080018ac                HRTIM1_TIMB_IRQHandler
                0x080018ac                TIM1_TRG_COM_TIM17_IRQHandler
                0x080018ac                FDCAN2_IT1_IRQHandler
                0x080018ac                DMA1_Channel3_IRQHandler
                0x080018ac                ADC4_IRQHandler
                0x080018ac                WWDG_IRQHandler
                0x080018ac                I2C4_EV_IRQHandler
                0x080018ac                FDCAN2_IT0_IRQHandler
                0x080018ac                DMA2_Channel6_IRQHandler
                0x080018ac                FDCAN1_IT0_IRQHandler
                0x080018ac                TIM2_IRQHandler
                0x080018ac                COMP7_IRQHandler
                0x080018ac                COMP1_2_3_IRQHandler
                0x080018ac                EXTI1_IRQHandler
                0x080018ac                USART2_IRQHandler
                0x080018ac                COMP4_5_6_IRQHandler
                0x080018ac                TIM20_BRK_IRQHandler
                0x080018ac                I2C2_ER_IRQHandler
                0x080018ac                TIM8_BRK_IRQHandler
                0x080018ac                FLASH_IRQHandler
                0x080018ac                TIM20_CC_IRQHandler
                0x080018ac                USART1_IRQHandler
                0x080018ac                SPI3_IRQHandler
                0x080018ac                I2C1_ER_IRQHandler
                0x080018ac                FMC_IRQHandler
                0x080018ac                LPTIM1_IRQHandler
                0x080018ac                DMAMUX_OVR_IRQHandler
                0x080018ac                I2C4_ER_IRQHandler
                0x080018ac                USBWakeUp_IRQHandler
                0x080018ac                SAI1_IRQHandler
                0x080018ac                DMA2_Channel3_IRQHandler
                0x080018ac                TIM1_BRK_TIM15_IRQHandler
 .text.HAL_Init
                0x080018ae       0x30 ./Drivers/STM32G4xx_HAL_Driver/Src/stm32g4xx_hal.o
                0x080018ae                HAL_Init
 *fill*         0x080018de        0x2 
 .text.HAL_IncTick
                0x080018e0       0x24 ./Drivers/STM32G4xx_HAL_Driver/Src/stm32g4xx_hal.o
                0x080018e0                HAL_IncTick
 .text.HAL_GetTick
                0x08001904       0x18 ./Drivers/STM32G4xx_HAL_Driver/Src/stm32g4xx_hal.o
                0x08001904                HAL_GetTick
 .text.__NVIC_SetPriorityGrouping
                0x0800191c       0x48 ./Drivers/STM32G4xx_HAL_Driver/Src/stm32g4xx_hal_cortex.o
 .text.__NVIC_GetPriorityGrouping
                0x08001964       0x1c ./Drivers/STM32G4xx_HAL_Driver/Src/stm32g4xx_hal_cortex.o
 .text.__NVIC_EnableIRQ
                0x08001980       0x3c ./Drivers/STM32G4xx_HAL_Driver/Src/stm32g4xx_hal_cortex.o
 .text.__NVIC_SetPriority
                0x080019bc       0x54 ./Drivers/STM32G4xx_HAL_Driver/Src/stm32g4xx_hal_cortex.o
 .text.NVIC_EncodePriority
                0x08001a10       0x66 ./Drivers/STM32G4xx_HAL_Driver/Src/stm32g4xx_hal_cortex.o
 .text.HAL_NVIC_SetPriorityGrouping
                0x08001a76       0x16 ./Drivers/STM32G4xx_HAL_Driver/Src/stm32g4xx_hal_cortex.o
                0x08001a76                HAL_NVIC_SetPriorityGrouping
 .text.HAL_NVIC_SetPriority
                0x08001a8c       0x34 ./Drivers/STM32G4xx_HAL_Driver/Src/stm32g4xx_hal_cortex.o
                0x08001a8c                HAL_NVIC_SetPriority
 .text.HAL_NVIC_EnableIRQ
                0x08001ac0       0x1c ./Drivers/STM32G4xx_HAL_Driver/Src/stm32g4xx_hal_cortex.o
                0x08001ac0                HAL_NVIC_EnableIRQ
 .text.HAL_DMA_Init
                0x08001adc      0x150 ./Drivers/STM32G4xx_HAL_Driver/Src/stm32g4xx_hal_dma.o
                0x08001adc                HAL_DMA_Init
 .text.HAL_DMA_Start_IT
                0x08001c2c       0xf6 ./Drivers/STM32G4xx_HAL_Driver/Src/stm32g4xx_hal_dma.o
                0x08001c2c                HAL_DMA_Start_IT
 .text.HAL_DMA_Abort
                0x08001d22       0xb2 ./Drivers/STM32G4xx_HAL_Driver/Src/stm32g4xx_hal_dma.o
                0x08001d22                HAL_DMA_Abort
 .text.HAL_DMA_Abort_IT
                0x08001dd4       0xce ./Drivers/STM32G4xx_HAL_Driver/Src/stm32g4xx_hal_dma.o
                0x08001dd4                HAL_DMA_Abort_IT
 .text.HAL_DMA_IRQHandler
                0x08001ea2      0x15e ./Drivers/STM32G4xx_HAL_Driver/Src/stm32g4xx_hal_dma.o
                0x08001ea2                HAL_DMA_IRQHandler
 .text.HAL_DMA_GetError
                0x08002000       0x18 ./Drivers/STM32G4xx_HAL_Driver/Src/stm32g4xx_hal_dma.o
                0x08002000                HAL_DMA_GetError
 .text.DMA_SetConfig
                0x08002018       0x7c ./Drivers/STM32G4xx_HAL_Driver/Src/stm32g4xx_hal_dma.o
 .text.DMA_CalcDMAMUXChannelBaseAndMask
                0x08002094       0x7c ./Drivers/STM32G4xx_HAL_Driver/Src/stm32g4xx_hal_dma.o
 .text.DMA_CalcDMAMUXRequestGenBaseAndMask
                0x08002110       0x48 ./Drivers/STM32G4xx_HAL_Driver/Src/stm32g4xx_hal_dma.o
 .text.HAL_GPIO_Init
                0x08002158      0x304 ./Drivers/STM32G4xx_HAL_Driver/Src/stm32g4xx_hal_gpio.o
                0x08002158                HAL_GPIO_Init
 .text.HAL_GPIO_WritePin
                0x0800245c       0x30 ./Drivers/STM32G4xx_HAL_Driver/Src/stm32g4xx_hal_gpio.o
                0x0800245c                HAL_GPIO_WritePin
 .text.HAL_GPIO_EXTI_IRQHandler
                0x0800248c       0x30 ./Drivers/STM32G4xx_HAL_Driver/Src/stm32g4xx_hal_gpio.o
                0x0800248c                HAL_GPIO_EXTI_IRQHandler
 .text.HAL_GPIO_EXTI_Callback
                0x080024bc       0x16 ./Drivers/STM32G4xx_HAL_Driver/Src/stm32g4xx_hal_gpio.o
                0x080024bc                HAL_GPIO_EXTI_Callback
 *fill*         0x080024d2        0x2 
 .text.HAL_PWREx_ControlVoltageScaling
                0x080024d4      0x148 ./Drivers/STM32G4xx_HAL_Driver/Src/stm32g4xx_hal_pwr_ex.o
                0x080024d4                HAL_PWREx_ControlVoltageScaling
 .text.HAL_PWREx_DisableUCPDDeadBattery
                0x0800261c       0x20 ./Drivers/STM32G4xx_HAL_Driver/Src/stm32g4xx_hal_pwr_ex.o
                0x0800261c                HAL_PWREx_DisableUCPDDeadBattery
 .text.HAL_RCC_OscConfig
                0x0800263c      0x624 ./Drivers/STM32G4xx_HAL_Driver/Src/stm32g4xx_hal_rcc.o
                0x0800263c                HAL_RCC_OscConfig
 .text.HAL_RCC_ClockConfig
                0x08002c60      0x278 ./Drivers/STM32G4xx_HAL_Driver/Src/stm32g4xx_hal_rcc.o
                0x08002c60                HAL_RCC_ClockConfig
 .text.HAL_RCC_GetSysClockFreq
                0x08002ed8       0xc4 ./Drivers/STM32G4xx_HAL_Driver/Src/stm32g4xx_hal_rcc.o
                0x08002ed8                HAL_RCC_GetSysClockFreq
 .text.HAL_RCC_GetHCLKFreq
                0x08002f9c       0x18 ./Drivers/STM32G4xx_HAL_Driver/Src/stm32g4xx_hal_rcc.o
                0x08002f9c                HAL_RCC_GetHCLKFreq
 .text.HAL_RCC_GetPCLK1Freq
                0x08002fb4       0x2c ./Drivers/STM32G4xx_HAL_Driver/Src/stm32g4xx_hal_rcc.o
                0x08002fb4                HAL_RCC_GetPCLK1Freq
 .text.HAL_RCC_GetPCLK2Freq
                0x08002fe0       0x2c ./Drivers/STM32G4xx_HAL_Driver/Src/stm32g4xx_hal_rcc.o
                0x08002fe0                HAL_RCC_GetPCLK2Freq
 .text.HAL_RCC_GetClockConfig
                0x0800300c       0x64 ./Drivers/STM32G4xx_HAL_Driver/Src/stm32g4xx_hal_rcc.o
                0x0800300c                HAL_RCC_GetClockConfig
 .text.RCC_GetSysClockFreqFromPLLSource
                0x08003070       0x8c ./Drivers/STM32G4xx_HAL_Driver/Src/stm32g4xx_hal_rcc.o
 .text.HAL_RCCEx_PeriphCLKConfig
                0x080030fc      0x49c ./Drivers/STM32G4xx_HAL_Driver/Src/stm32g4xx_hal_rcc_ex.o
                0x080030fc                HAL_RCCEx_PeriphCLKConfig
 .text.HAL_TIM_Base_Init
                0x08003598       0xae ./Drivers/STM32G4xx_HAL_Driver/Src/stm32g4xx_hal_tim.o
                0x08003598                HAL_TIM_Base_Init
 .text.HAL_TIM_Base_MspInit
                0x08003646       0x14 ./Drivers/STM32G4xx_HAL_Driver/Src/stm32g4xx_hal_tim.o
                0x08003646                HAL_TIM_Base_MspInit
 *fill*         0x0800365a        0x2 
 .text.HAL_TIM_Base_Start_IT
                0x0800365c       0xf0 ./Drivers/STM32G4xx_HAL_Driver/Src/stm32g4xx_hal_tim.o
                0x0800365c                HAL_TIM_Base_Start_IT
 .text.HAL_TIM_IRQHandler
                0x0800374c      0x29e ./Drivers/STM32G4xx_HAL_Driver/Src/stm32g4xx_hal_tim.o
                0x0800374c                HAL_TIM_IRQHandler
 .text.HAL_TIM_OC_DelayElapsedCallback
                0x080039ea       0x14 ./Drivers/STM32G4xx_HAL_Driver/Src/stm32g4xx_hal_tim.o
                0x080039ea                HAL_TIM_OC_DelayElapsedCallback
 .text.HAL_TIM_IC_CaptureCallback
                0x080039fe       0x14 ./Drivers/STM32G4xx_HAL_Driver/Src/stm32g4xx_hal_tim.o
                0x080039fe                HAL_TIM_IC_CaptureCallback
 .text.HAL_TIM_PWM_PulseFinishedCallback
                0x08003a12       0x14 ./Drivers/STM32G4xx_HAL_Driver/Src/stm32g4xx_hal_tim.o
                0x08003a12                HAL_TIM_PWM_PulseFinishedCallback
 .text.HAL_TIM_TriggerCallback
                0x08003a26       0x14 ./Drivers/STM32G4xx_HAL_Driver/Src/stm32g4xx_hal_tim.o
                0x08003a26                HAL_TIM_TriggerCallback
 *fill*         0x08003a3a        0x2 
 .text.TIM_Base_SetConfig
                0x08003a3c      0x168 ./Drivers/STM32G4xx_HAL_Driver/Src/stm32g4xx_hal_tim.o
                0x08003a3c                TIM_Base_SetConfig
 .text.HAL_TIMEx_CommutCallback
                0x08003ba4       0x14 ./Drivers/STM32G4xx_HAL_Driver/Src/stm32g4xx_hal_tim_ex.o
                0x08003ba4                HAL_TIMEx_CommutCallback
 .text.HAL_TIMEx_BreakCallback
                0x08003bb8       0x14 ./Drivers/STM32G4xx_HAL_Driver/Src/stm32g4xx_hal_tim_ex.o
                0x08003bb8                HAL_TIMEx_BreakCallback
 .text.HAL_TIMEx_Break2Callback
                0x08003bcc       0x14 ./Drivers/STM32G4xx_HAL_Driver/Src/stm32g4xx_hal_tim_ex.o
                0x08003bcc                HAL_TIMEx_Break2Callback
 .text.HAL_TIMEx_EncoderIndexCallback
                0x08003be0       0x14 ./Drivers/STM32G4xx_HAL_Driver/Src/stm32g4xx_hal_tim_ex.o
                0x08003be0                HAL_TIMEx_EncoderIndexCallback
 .text.HAL_TIMEx_DirectionChangeCallback
                0x08003bf4       0x14 ./Drivers/STM32G4xx_HAL_Driver/Src/stm32g4xx_hal_tim_ex.o
                0x08003bf4                HAL_TIMEx_DirectionChangeCallback
 .text.HAL_TIMEx_IndexErrorCallback
                0x08003c08       0x14 ./Drivers/STM32G4xx_HAL_Driver/Src/stm32g4xx_hal_tim_ex.o
                0x08003c08                HAL_TIMEx_IndexErrorCallback
 .text.HAL_TIMEx_TransitionErrorCallback
                0x08003c1c       0x14 ./Drivers/STM32G4xx_HAL_Driver/Src/stm32g4xx_hal_tim_ex.o
                0x08003c1c                HAL_TIMEx_TransitionErrorCallback
 .text.HAL_UART_Init
                0x08003c30       0xa0 ./Drivers/STM32G4xx_HAL_Driver/Src/stm32g4xx_hal_uart.o
                0x08003c30                HAL_UART_Init
 .text.HAL_UART_Transmit_DMA
                0x08003cd0      0x100 ./Drivers/STM32G4xx_HAL_Driver/Src/stm32g4xx_hal_uart.o
                0x08003cd0                HAL_UART_Transmit_DMA
 .text.HAL_UART_Receive_DMA
                0x08003dd0       0x98 ./Drivers/STM32G4xx_HAL_Driver/Src/stm32g4xx_hal_uart.o
                0x08003dd0                HAL_UART_Receive_DMA
 .text.HAL_UART_DMAStop
                0x08003e68      0x12c ./Drivers/STM32G4xx_HAL_Driver/Src/stm32g4xx_hal_uart.o
                0x08003e68                HAL_UART_DMAStop
 .text.HAL_UART_IRQHandler
                0x08003f94      0x684 ./Drivers/STM32G4xx_HAL_Driver/Src/stm32g4xx_hal_uart.o
                0x08003f94                HAL_UART_IRQHandler
 .text.HAL_UART_TxCpltCallback
                0x08004618       0x14 ./Drivers/STM32G4xx_HAL_Driver/Src/stm32g4xx_hal_uart.o
                0x08004618                HAL_UART_TxCpltCallback
 .text.HAL_UART_TxHalfCpltCallback
                0x0800462c       0x14 ./Drivers/STM32G4xx_HAL_Driver/Src/stm32g4xx_hal_uart.o
                0x0800462c                HAL_UART_TxHalfCpltCallback
 .text.HAL_UART_RxCpltCallback
                0x08004640       0x14 ./Drivers/STM32G4xx_HAL_Driver/Src/stm32g4xx_hal_uart.o
                0x08004640                HAL_UART_RxCpltCallback
 .text.HAL_UART_RxHalfCpltCallback
                0x08004654       0x14 ./Drivers/STM32G4xx_HAL_Driver/Src/stm32g4xx_hal_uart.o
                0x08004654                HAL_UART_RxHalfCpltCallback
 .text.HAL_UART_ErrorCallback
                0x08004668       0x14 ./Drivers/STM32G4xx_HAL_Driver/Src/stm32g4xx_hal_uart.o
                0x08004668                HAL_UART_ErrorCallback
 .text.HAL_UARTEx_RxEventCallback
                0x0800467c       0x18 ./Drivers/STM32G4xx_HAL_Driver/Src/stm32g4xx_hal_uart.o
                0x0800467c                HAL_UARTEx_RxEventCallback
 .text.UART_SetConfig
                0x08004694      0x5f8 ./Drivers/STM32G4xx_HAL_Driver/Src/stm32g4xx_hal_uart.o
                0x08004694                UART_SetConfig
 .text.UART_AdvFeatureConfig
                0x08004c8c      0x144 ./Drivers/STM32G4xx_HAL_Driver/Src/stm32g4xx_hal_uart.o
                0x08004c8c                UART_AdvFeatureConfig
 .text.UART_CheckIdleState
                0x08004dd0      0x154 ./Drivers/STM32G4xx_HAL_Driver/Src/stm32g4xx_hal_uart.o
                0x08004dd0                UART_CheckIdleState
 .text.UART_WaitOnFlagUntilTimeout
                0x08004f24       0xda ./Drivers/STM32G4xx_HAL_Driver/Src/stm32g4xx_hal_uart.o
                0x08004f24                UART_WaitOnFlagUntilTimeout
 *fill*         0x08004ffe        0x2 
 .text.UART_Start_Receive_DMA
                0x08005000      0x14c ./Drivers/STM32G4xx_HAL_Driver/Src/stm32g4xx_hal_uart.o
                0x08005000                UART_Start_Receive_DMA
 .text.UART_EndTxTransfer
                0x0800514c       0x82 ./Drivers/STM32G4xx_HAL_Driver/Src/stm32g4xx_hal_uart.o
 .text.UART_EndRxTransfer
                0x080051ce       0xcc ./Drivers/STM32G4xx_HAL_Driver/Src/stm32g4xx_hal_uart.o
 .text.UART_DMATransmitCplt
                0x0800529a       0x9a ./Drivers/STM32G4xx_HAL_Driver/Src/stm32g4xx_hal_uart.o
 .text.UART_DMATxHalfCplt
                0x08005334       0x1c ./Drivers/STM32G4xx_HAL_Driver/Src/stm32g4xx_hal_uart.o
 .text.UART_DMAReceiveCplt
                0x08005350      0x12c ./Drivers/STM32G4xx_HAL_Driver/Src/stm32g4xx_hal_uart.o
 .text.UART_DMARxHalfCplt
                0x0800547c       0x3e ./Drivers/STM32G4xx_HAL_Driver/Src/stm32g4xx_hal_uart.o
 .text.UART_DMAError
                0x080054ba       0x80 ./Drivers/STM32G4xx_HAL_Driver/Src/stm32g4xx_hal_uart.o
 .text.UART_DMAAbortOnError
                0x0800553a       0x24 ./Drivers/STM32G4xx_HAL_Driver/Src/stm32g4xx_hal_uart.o
 .text.UART_EndTransmit_IT
                0x0800555e       0x56 ./Drivers/STM32G4xx_HAL_Driver/Src/stm32g4xx_hal_uart.o
 .text.HAL_UARTEx_WakeupCallback
                0x080055b4       0x14 ./Drivers/STM32G4xx_HAL_Driver/Src/stm32g4xx_hal_uart_ex.o
                0x080055b4                HAL_UARTEx_WakeupCallback
 .text.HAL_UARTEx_RxFifoFullCallback
                0x080055c8       0x14 ./Drivers/STM32G4xx_HAL_Driver/Src/stm32g4xx_hal_uart_ex.o
                0x080055c8                HAL_UARTEx_RxFifoFullCallback
 .text.HAL_UARTEx_TxFifoEmptyCallback
                0x080055dc       0x14 ./Drivers/STM32G4xx_HAL_Driver/Src/stm32g4xx_hal_uart_ex.o
                0x080055dc                HAL_UARTEx_TxFifoEmptyCallback
 .text.HAL_UARTEx_DisableFifoMode
                0x080055f0       0x72 ./Drivers/STM32G4xx_HAL_Driver/Src/stm32g4xx_hal_uart_ex.o
                0x080055f0                HAL_UARTEx_DisableFifoMode
 .text.HAL_UARTEx_SetTxFifoThreshold
                0x08005662       0x7c ./Drivers/STM32G4xx_HAL_Driver/Src/stm32g4xx_hal_uart_ex.o
                0x08005662                HAL_UARTEx_SetTxFifoThreshold
 .text.HAL_UARTEx_SetRxFifoThreshold
                0x080056de       0x7c ./Drivers/STM32G4xx_HAL_Driver/Src/stm32g4xx_hal_uart_ex.o
                0x080056de                HAL_UARTEx_SetRxFifoThreshold
 *fill*         0x0800575a        0x2 
 .text.UARTEx_SetNbDataToProcess
                0x0800575c       0x9c ./Drivers/STM32G4xx_HAL_Driver/Src/stm32g4xx_hal_uart_ex.o
 .text.__NVIC_SetPriority
                0x080057f8       0x54 ./Middlewares/Third_Party/FreeRTOS/Source/CMSIS_RTOS_V2/cmsis_os2.o
 .text.SysTick_Handler
                0x0800584c       0x20 ./Middlewares/Third_Party/FreeRTOS/Source/CMSIS_RTOS_V2/cmsis_os2.o
                0x0800584c                SysTick_Handler
 .text.SVC_Setup
                0x0800586c       0x12 ./Middlewares/Third_Party/FreeRTOS/Source/CMSIS_RTOS_V2/cmsis_os2.o
 *fill*         0x0800587e        0x2 
 .text.osKernelInitialize
                0x08005880       0x48 ./Middlewares/Third_Party/FreeRTOS/Source/CMSIS_RTOS_V2/cmsis_os2.o
                0x08005880                osKernelInitialize
 .text.osKernelStart
                0x080058c8       0x4c ./Middlewares/Third_Party/FreeRTOS/Source/CMSIS_RTOS_V2/cmsis_os2.o
                0x080058c8                osKernelStart
 .text.osThreadNew
                0x08005914      0x124 ./Middlewares/Third_Party/FreeRTOS/Source/CMSIS_RTOS_V2/cmsis_os2.o
                0x08005914                osThreadNew
 .text.osDelay  0x08005a38       0x36 ./Middlewares/Third_Party/FreeRTOS/Source/CMSIS_RTOS_V2/cmsis_os2.o
                0x08005a38                osDelay
 *fill*         0x08005a6e        0x2 
 .text.vApplicationGetIdleTaskMemory
                0x08005a70       0x34 ./Middlewares/Third_Party/FreeRTOS/Source/CMSIS_RTOS_V2/cmsis_os2.o
                0x08005a70                vApplicationGetIdleTaskMemory
 .text.vApplicationGetTimerTaskMemory
                0x08005aa4       0x34 ./Middlewares/Third_Party/FreeRTOS/Source/CMSIS_RTOS_V2/cmsis_os2.o
                0x08005aa4                vApplicationGetTimerTaskMemory
 .text.vListInitialise
                0x08005ad8       0x40 ./Middlewares/Third_Party/FreeRTOS/Source/list.o
                0x08005ad8                vListInitialise
 .text.vListInitialiseItem
                0x08005b18       0x1a ./Middlewares/Third_Party/FreeRTOS/Source/list.o
                0x08005b18                vListInitialiseItem
 .text.vListInsertEnd
                0x08005b32       0x48 ./Middlewares/Third_Party/FreeRTOS/Source/list.o
                0x08005b32                vListInsertEnd
 .text.vListInsert
                0x08005b7a       0x72 ./Middlewares/Third_Party/FreeRTOS/Source/list.o
                0x08005b7a                vListInsert
 .text.uxListRemove
                0x08005bec       0x54 ./Middlewares/Third_Party/FreeRTOS/Source/list.o
                0x08005bec                uxListRemove
 .text.xQueueGenericReset
                0x08005c40       0xd4 ./Middlewares/Third_Party/FreeRTOS/Source/queue.o
                0x08005c40                xQueueGenericReset
 .text.xQueueGenericCreateStatic
                0x08005d14       0xfa ./Middlewares/Third_Party/FreeRTOS/Source/queue.o
                0x08005d14                xQueueGenericCreateStatic
 .text.prvInitialiseNewQueue
                0x08005e0e       0x46 ./Middlewares/Third_Party/FreeRTOS/Source/queue.o
 .text.xQueueGenericSend
                0x08005e54      0x204 ./Middlewares/Third_Party/FreeRTOS/Source/queue.o
                0x08005e54                xQueueGenericSend
 .text.xQueueGenericSendFromISR
                0x08006058      0x13c ./Middlewares/Third_Party/FreeRTOS/Source/queue.o
                0x08006058                xQueueGenericSendFromISR
 .text.xQueueReceive
                0x08006194      0x1c4 ./Middlewares/Third_Party/FreeRTOS/Source/queue.o
                0x08006194                xQueueReceive
 .text.prvCopyDataToQueue
                0x08006358       0xd4 ./Middlewares/Third_Party/FreeRTOS/Source/queue.o
 .text.prvCopyDataFromQueue
                0x0800642c       0x4c ./Middlewares/Third_Party/FreeRTOS/Source/queue.o
 .text.prvUnlockQueue
                0x08006478       0xa4 ./Middlewares/Third_Party/FreeRTOS/Source/queue.o
 .text.prvIsQueueEmpty
                0x0800651c       0x2c ./Middlewares/Third_Party/FreeRTOS/Source/queue.o
 .text.prvIsQueueFull
                0x08006548       0x30 ./Middlewares/Third_Party/FreeRTOS/Source/queue.o
 .text.vQueueAddToRegistry
                0x08006578       0x54 ./Middlewares/Third_Party/FreeRTOS/Source/queue.o
                0x08006578                vQueueAddToRegistry
 .text.vQueueWaitForMessageRestricted
                0x080065cc       0x68 ./Middlewares/Third_Party/FreeRTOS/Source/queue.o
                0x080065cc                vQueueWaitForMessageRestricted
 .text.xTaskCreateStatic
                0x08006634       0xc0 ./Middlewares/Third_Party/FreeRTOS/Source/tasks.o
                0x08006634                xTaskCreateStatic
 .text.xTaskCreate
                0x080066f4       0x8a ./Middlewares/Third_Party/FreeRTOS/Source/tasks.o
                0x080066f4                xTaskCreate
 .text.prvInitialiseNewTask
                0x0800677e      0x120 ./Middlewares/Third_Party/FreeRTOS/Source/tasks.o
 *fill*         0x0800689e        0x2 
 .text.prvAddNewTaskToReadyList
                0x080068a0       0xe0 ./Middlewares/Third_Party/FreeRTOS/Source/tasks.o
 .text.vTaskDelay
                0x08006980       0x6c ./Middlewares/Third_Party/FreeRTOS/Source/tasks.o
                0x08006980                vTaskDelay
 .text.vTaskStartScheduler
                0x080069ec       0xd0 ./Middlewares/Third_Party/FreeRTOS/Source/tasks.o
                0x080069ec                vTaskStartScheduler
 .text.vTaskSuspendAll
                0x08006abc       0x1c ./Middlewares/Third_Party/FreeRTOS/Source/tasks.o
                0x08006abc                vTaskSuspendAll
 .text.xTaskResumeAll
                0x08006ad8      0x13c ./Middlewares/Third_Party/FreeRTOS/Source/tasks.o
                0x08006ad8                xTaskResumeAll
 .text.xTaskGetTickCount
                0x08006c14       0x20 ./Middlewares/Third_Party/FreeRTOS/Source/tasks.o
                0x08006c14                xTaskGetTickCount
 .text.xTaskIncrementTick
                0x08006c34      0x174 ./Middlewares/Third_Party/FreeRTOS/Source/tasks.o
                0x08006c34                xTaskIncrementTick
 .text.vTaskSwitchContext
                0x08006da8       0xbc ./Middlewares/Third_Party/FreeRTOS/Source/tasks.o
                0x08006da8                vTaskSwitchContext
 .text.vTaskPlaceOnEventList
                0x08006e64       0x4c ./Middlewares/Third_Party/FreeRTOS/Source/tasks.o
                0x08006e64                vTaskPlaceOnEventList
 .text.vTaskPlaceOnEventListRestricted
                0x08006eb0       0x58 ./Middlewares/Third_Party/FreeRTOS/Source/tasks.o
                0x08006eb0                vTaskPlaceOnEventListRestricted
 .text.xTaskRemoveFromEventList
                0x08006f08       0xc8 ./Middlewares/Third_Party/FreeRTOS/Source/tasks.o
                0x08006f08                xTaskRemoveFromEventList
 .text.vTaskSetTimeOutState
                0x08006fd0       0x50 ./Middlewares/Third_Party/FreeRTOS/Source/tasks.o
                0x08006fd0                vTaskSetTimeOutState
 .text.vTaskInternalSetTimeOutState
                0x08007020       0x2c ./Middlewares/Third_Party/FreeRTOS/Source/tasks.o
                0x08007020                vTaskInternalSetTimeOutState
 .text.xTaskCheckForTimeOut
                0x0800704c       0xc8 ./Middlewares/Third_Party/FreeRTOS/Source/tasks.o
                0x0800704c                xTaskCheckForTimeOut
 .text.vTaskMissedYield
                0x08007114       0x18 ./Middlewares/Third_Party/FreeRTOS/Source/tasks.o
                0x08007114                vTaskMissedYield
 .text.prvIdleTask
                0x0800712c       0x30 ./Middlewares/Third_Party/FreeRTOS/Source/tasks.o
 .text.prvInitialiseTaskLists
                0x0800715c       0x80 ./Middlewares/Third_Party/FreeRTOS/Source/tasks.o
 .text.prvCheckTasksWaitingTermination
                0x080071dc       0x5c ./Middlewares/Third_Party/FreeRTOS/Source/tasks.o
 .text.prvDeleteTCB
                0x08007238       0x60 ./Middlewares/Third_Party/FreeRTOS/Source/tasks.o
 .text.prvResetNextTaskUnblockTime
                0x08007298       0x40 ./Middlewares/Third_Party/FreeRTOS/Source/tasks.o
 .text.xTaskGetSchedulerState
                0x080072d8       0x3c ./Middlewares/Third_Party/FreeRTOS/Source/tasks.o
                0x080072d8                xTaskGetSchedulerState
 .text.xTaskPriorityDisinherit
                0x08007314       0xe0 ./Middlewares/Third_Party/FreeRTOS/Source/tasks.o
                0x08007314                xTaskPriorityDisinherit
 .text.prvAddCurrentTaskToDelayedList
                0x080073f4       0xa8 ./Middlewares/Third_Party/FreeRTOS/Source/tasks.o
 .text.xTimerCreateTimerTask
                0x0800749c       0x94 ./Middlewares/Third_Party/FreeRTOS/Source/timers.o
                0x0800749c                xTimerCreateTimerTask
 .text.xTimerGenericCommand
                0x08007530       0x9c ./Middlewares/Third_Party/FreeRTOS/Source/timers.o
                0x08007530                xTimerGenericCommand
 .text.prvProcessExpiredTimer
                0x080075cc       0x9c ./Middlewares/Third_Party/FreeRTOS/Source/timers.o
 .text.prvTimerTask
                0x08007668       0x26 ./Middlewares/Third_Party/FreeRTOS/Source/timers.o
 *fill*         0x0800768e        0x2 
 .text.prvProcessTimerOrBlockTask
                0x08007690       0x9c ./Middlewares/Third_Party/FreeRTOS/Source/timers.o
 .text.prvGetNextExpireTime
                0x0800772c       0x48 ./Middlewares/Third_Party/FreeRTOS/Source/timers.o
 .text.prvSampleTimeNow
                0x08007774       0x40 ./Middlewares/Third_Party/FreeRTOS/Source/timers.o
 .text.prvInsertTimerInActiveList
                0x080077b4       0x84 ./Middlewares/Third_Party/FreeRTOS/Source/timers.o
 .text.prvProcessReceivedCommands
                0x08007838      0x1cc ./Middlewares/Third_Party/FreeRTOS/Source/timers.o
 .text.prvSwitchTimerLists
                0x08007a04       0xcc ./Middlewares/Third_Party/FreeRTOS/Source/timers.o
 .text.prvCheckForValidListAndQueue
                0x08007ad0       0x80 ./Middlewares/Third_Party/FreeRTOS/Source/timers.o
 .text.pxPortInitialiseStack
                0x08007b50       0x68 ./Middlewares/Third_Party/FreeRTOS/Source/portable/GCC/ARM_CM4F/port.o
                0x08007b50                pxPortInitialiseStack
 .text.prvTaskExitError
                0x08007bb8       0x5c ./Middlewares/Third_Party/FreeRTOS/Source/portable/GCC/ARM_CM4F/port.o
 *fill*         0x08007c14        0xc 
 .text.SVC_Handler
                0x08007c20       0x28 ./Middlewares/Third_Party/FreeRTOS/Source/portable/GCC/ARM_CM4F/port.o
                0x08007c20                SVC_Handler
 .text.prvPortStartFirstTask
                0x08007c48       0x28 ./Middlewares/Third_Party/FreeRTOS/Source/portable/GCC/ARM_CM4F/port.o
 .text.xPortStartScheduler
                0x08007c70      0x148 ./Middlewares/Third_Party/FreeRTOS/Source/portable/GCC/ARM_CM4F/port.o
                0x08007c70                xPortStartScheduler
 .text.vPortEnterCritical
                0x08007db8       0x64 ./Middlewares/Third_Party/FreeRTOS/Source/portable/GCC/ARM_CM4F/port.o
                0x08007db8                vPortEnterCritical
 .text.vPortExitCritical
                0x08007e1c       0x54 ./Middlewares/Third_Party/FreeRTOS/Source/portable/GCC/ARM_CM4F/port.o
                0x08007e1c                vPortExitCritical
 .text.PendSV_Handler
                0x08007e70       0x68 ./Middlewares/Third_Party/FreeRTOS/Source/portable/GCC/ARM_CM4F/port.o
                0x08007e70                PendSV_Handler
 .text.xPortSysTickHandler
                0x08007ed8       0x44 ./Middlewares/Third_Party/FreeRTOS/Source/portable/GCC/ARM_CM4F/port.o
                0x08007ed8                xPortSysTickHandler
 .text.vPortSetupTimerInterrupt
                0x08007f1c       0x48 ./Middlewares/Third_Party/FreeRTOS/Source/portable/GCC/ARM_CM4F/port.o
                0x08007f1c                vPortSetupTimerInterrupt
 .text.vPortEnableVFP
                0x08007f64       0x14 ./Middlewares/Third_Party/FreeRTOS/Source/portable/GCC/ARM_CM4F/port.o
 .text.vPortValidateInterruptPriority
                0x08007f78       0x84 ./Middlewares/Third_Party/FreeRTOS/Source/portable/GCC/ARM_CM4F/port.o
                0x08007f78                vPortValidateInterruptPriority
 .text.pvPortMalloc
                0x08007ffc      0x19c ./Middlewares/Third_Party/FreeRTOS/Source/portable/MemMang/heap_4.o
                0x08007ffc                pvPortMalloc
 .text.vPortFree
                0x08008198       0xc8 ./Middlewares/Third_Party/FreeRTOS/Source/portable/MemMang/heap_4.o
                0x08008198                vPortFree
 .text.prvHeapInit
                0x08008260       0xc4 ./Middlewares/Third_Party/FreeRTOS/Source/portable/MemMang/heap_4.o
 .text.prvInsertBlockIntoFreeList
                0x08008324       0xb4 ./Middlewares/Third_Party/FreeRTOS/Source/portable/MemMang/heap_4.o
 .text.rcl_get_zero_initialized_init_options
                0x080083d8        0x4 ../micro_ros_stm32cubemx_utils/microros_static_library_ide/libmicroros/libmicroros.a(librcl-init_options.c.obj)
                0x080083d8                rcl_get_zero_initialized_init_options
 .text.rcl_init_options_init
                0x080083dc       0xcc ../micro_ros_stm32cubemx_utils/microros_static_library_ide/libmicroros/libmicroros.a(librcl-init_options.c.obj)
                0x080083dc                rcl_init_options_init
 .text.rcl_init_options_fini
                0x080084a8       0x54 ../micro_ros_stm32cubemx_utils/microros_static_library_ide/libmicroros/libmicroros.a(librcl-init_options.c.obj)
                0x080084a8                rcl_init_options_fini
 .text.rcl_init_options_copy
                0x080084fc       0xd8 ../micro_ros_stm32cubemx_utils/microros_static_library_ide/libmicroros/libmicroros.a(librcl-init_options.c.obj)
                0x080084fc                rcl_init_options_copy
 .text.rcl_init_options_set_domain_id
                0x080085d4       0x10 ../micro_ros_stm32cubemx_utils/microros_static_library_ide/libmicroros/libmicroros.a(librcl-init_options.c.obj)
                0x080085d4                rcl_init_options_set_domain_id
 .text.rcl_get_zero_initialized_publisher
                0x080085e4        0xc ../micro_ros_stm32cubemx_utils/microros_static_library_ide/libmicroros/libmicroros.a(librcl-publisher.c.obj)
                0x080085e4                rcl_get_zero_initialized_publisher
 .text.rcl_publisher_init
                0x080085f0      0x12c ../micro_ros_stm32cubemx_utils/microros_static_library_ide/libmicroros/libmicroros.a(librcl-publisher.c.obj)
                0x080085f0                rcl_publisher_init
 .text.rcl_publisher_get_default_options
                0x0800871c       0x5c ../micro_ros_stm32cubemx_utils/microros_static_library_ide/libmicroros/libmicroros.a(librcl-publisher.c.obj)
                0x0800871c                rcl_publisher_get_default_options
 .text.rcl_publish
                0x08008778       0x48 ../micro_ros_stm32cubemx_utils/microros_static_library_ide/libmicroros/libmicroros.a(librcl-publisher.c.obj)
                0x08008778                rcl_publish
 .text.rclc_support_init_with_options
                0x080087c0       0x68 ../micro_ros_stm32cubemx_utils/microros_static_library_ide/libmicroros/libmicroros.a(librclc-init.c.obj)
                0x080087c0                rclc_support_init_with_options
 .text.rclc_node_init_default
                0x08008828       0x78 ../micro_ros_stm32cubemx_utils/microros_static_library_ide/libmicroros/libmicroros.a(librclc-node.c.obj)
                0x08008828                rclc_node_init_default
 .text.rclc_publisher_init_default
                0x080088a0       0x68 ../micro_ros_stm32cubemx_utils/microros_static_library_ide/libmicroros/libmicroros.a(librclc-publisher.c.obj)
                0x080088a0                rclc_publisher_init_default
 .text.__default_zero_allocate
                0x08008908        0x4 ../micro_ros_stm32cubemx_utils/microros_static_library_ide/libmicroros/libmicroros.a(librcutils-allocator.c.obj)
 .text.__default_reallocate
                0x0800890c        0x4 ../micro_ros_stm32cubemx_utils/microros_static_library_ide/libmicroros/libmicroros.a(librcutils-allocator.c.obj)
 .text.__default_deallocate
                0x08008910        0x4 ../micro_ros_stm32cubemx_utils/microros_static_library_ide/libmicroros/libmicroros.a(librcutils-allocator.c.obj)
 .text.__default_allocate
                0x08008914        0x4 ../micro_ros_stm32cubemx_utils/microros_static_library_ide/libmicroros/libmicroros.a(librcutils-allocator.c.obj)
 .text.rcutils_get_zero_initialized_allocator
                0x08008918       0x1c ../micro_ros_stm32cubemx_utils/microros_static_library_ide/libmicroros/libmicroros.a(librcutils-allocator.c.obj)
                0x08008918                rcutils_get_zero_initialized_allocator
 .text.rcutils_set_default_allocator
                0x08008934       0x3c ../micro_ros_stm32cubemx_utils/microros_static_library_ide/libmicroros/libmicroros.a(librcutils-allocator.c.obj)
                0x08008934                rcutils_set_default_allocator
 .text.rcutils_get_default_allocator
                0x08008970       0x1c ../micro_ros_stm32cubemx_utils/microros_static_library_ide/libmicroros/libmicroros.a(librcutils-allocator.c.obj)
                0x08008970                rcutils_get_default_allocator
 .text.rcutils_allocator_is_valid
                0x0800898c       0x1c ../micro_ros_stm32cubemx_utils/microros_static_library_ide/libmicroros/libmicroros.a(librcutils-allocator.c.obj)
                0x0800898c                rcutils_allocator_is_valid
 .text.rcutils_get_error_string
                0x080089a8       0x2c ../micro_ros_stm32cubemx_utils/microros_static_library_ide/libmicroros/libmicroros.a(librcutils-error_handling.c.obj)
                0x080089a8                rcutils_get_error_string
 *fill*         0x080089d4        0x4 
 .text.rcutils_reset_error
                0x080089d8       0x38 ../micro_ros_stm32cubemx_utils/microros_static_library_ide/libmicroros/libmicroros.a(librcutils-error_handling.c.obj)
                0x080089d8                rcutils_reset_error
 .text.rmw_get_zero_initialized_init_options
                0x08008a10       0x20 ../micro_ros_stm32cubemx_utils/microros_static_library_ide/libmicroros/libmicroros.a(librmw-init_options.c.obj)
                0x08008a10                rmw_get_zero_initialized_init_options
 .text.rmw_get_default_publisher_options
                0x08008a30        0x8 ../micro_ros_stm32cubemx_utils/microros_static_library_ide/libmicroros/libmicroros.a(librmw-publisher_options.c.obj)
                0x08008a30                rmw_get_default_publisher_options
 .text.rmw_get_default_security_options
                0x08008a38        0x8 ../micro_ros_stm32cubemx_utils/microros_static_library_ide/libmicroros/libmicroros.a(librmw-security_options.c.obj)
                0x08008a38                rmw_get_default_security_options
 .text.rmw_uros_set_custom_transport
                0x08008a40       0x2c ../micro_ros_stm32cubemx_utils/microros_static_library_ide/libmicroros/libmicroros.a(librmw_microxrcedds-custom_transport.c.obj)
                0x08008a40                rmw_uros_set_custom_transport
 .text.rmw_init_options_init
                0x08008a6c       0xd0 ../micro_ros_stm32cubemx_utils/microros_static_library_ide/libmicroros/libmicroros.a(librmw_microxrcedds-rmw_init.c.obj)
                0x08008a6c                rmw_init_options_init
 .text.rmw_init_options_copy
                0x08008b3c       0x90 ../micro_ros_stm32cubemx_utils/microros_static_library_ide/libmicroros/libmicroros.a(librmw_microxrcedds-rmw_init.c.obj)
                0x08008b3c                rmw_init_options_copy
 .text.rmw_init_options_fini
                0x08008bcc       0x90 ../micro_ros_stm32cubemx_utils/microros_static_library_ide/libmicroros/libmicroros.a(librmw_microxrcedds-rmw_init.c.obj)
                0x08008bcc                rmw_init_options_fini
 .text.rmw_init
                0x08008c5c      0x26c ../micro_ros_stm32cubemx_utils/microros_static_library_ide/libmicroros/libmicroros.a(librmw_microxrcedds-rmw_init.c.obj)
                0x08008c5c                rmw_init
 .text.rmw_context_fini
                0x08008ec8       0x64 ../micro_ros_stm32cubemx_utils/microros_static_library_ide/libmicroros/libmicroros.a(librmw_microxrcedds-rmw_init.c.obj)
                0x08008ec8                rmw_context_fini
 .text.create_node
                0x08008f2c       0xf4 ../micro_ros_stm32cubemx_utils/microros_static_library_ide/libmicroros/libmicroros.a(librmw_microxrcedds-rmw_node.c.obj)
                0x08008f2c                create_node
 .text.rmw_create_node
                0x08009020       0x30 ../micro_ros_stm32cubemx_utils/microros_static_library_ide/libmicroros/libmicroros.a(librmw_microxrcedds-rmw_node.c.obj)
                0x08009020                rmw_create_node
 .text.rmw_destroy_node
                0x08009050       0xf8 ../micro_ros_stm32cubemx_utils/microros_static_library_ide/libmicroros/libmicroros.a(librmw_microxrcedds-rmw_node.c.obj)
                0x08009050                rmw_destroy_node
 .text.rmw_node_get_graph_guard_condition
                0x08009148        0xc ../micro_ros_stm32cubemx_utils/microros_static_library_ide/libmicroros/libmicroros.a(librmw_microxrcedds-rmw_node.c.obj)
                0x08009148                rmw_node_get_graph_guard_condition
 .text.flush_session
                0x08009154        0x8 ../micro_ros_stm32cubemx_utils/microros_static_library_ide/libmicroros/libmicroros.a(librmw_microxrcedds-rmw_publish.c.obj)
                0x08009154                flush_session
 .text.rmw_publish
                0x0800915c       0xc0 ../micro_ros_stm32cubemx_utils/microros_static_library_ide/libmicroros/libmicroros.a(librmw_microxrcedds-rmw_publish.c.obj)
                0x0800915c                rmw_publish
 .text.rmw_create_publisher
                0x0800921c      0x1bc ../micro_ros_stm32cubemx_utils/microros_static_library_ide/libmicroros/libmicroros.a(librmw_microxrcedds-rmw_publisher.c.obj)
                0x0800921c                rmw_create_publisher
 .text.rmw_publisher_get_actual_qos
                0x080093d8       0x20 ../micro_ros_stm32cubemx_utils/microros_static_library_ide/libmicroros/libmicroros.a(librmw_microxrcedds-rmw_publisher.c.obj)
                0x080093d8                rmw_publisher_get_actual_qos
 .text.rmw_destroy_publisher
                0x080093f8       0xa4 ../micro_ros_stm32cubemx_utils/microros_static_library_ide/libmicroros/libmicroros.a(librmw_microxrcedds-rmw_publisher.c.obj)
                0x080093f8                rmw_destroy_publisher
 .text.rmw_destroy_service
                0x0800949c       0x88 ../micro_ros_stm32cubemx_utils/microros_static_library_ide/libmicroros/libmicroros.a(librmw_microxrcedds-rmw_service.c.obj)
                0x0800949c                rmw_destroy_service
 .text.rmw_destroy_subscription
                0x08009524       0xc0 ../micro_ros_stm32cubemx_utils/microros_static_library_ide/libmicroros/libmicroros.a(librmw_microxrcedds-rmw_subscription.c.obj)
                0x08009524                rmw_destroy_subscription
 .text.rmw_uxrce_transport_init
                0x080095e4       0x30 ../micro_ros_stm32cubemx_utils/microros_static_library_ide/libmicroros/libmicroros.a(librmw_microxrcedds-rmw_uxrce_transports.c.obj)
                0x080095e4                rmw_uxrce_transport_init
 .text.rmw_uxrce_init_service_memory
                0x08009614       0x40 ../micro_ros_stm32cubemx_utils/microros_static_library_ide/libmicroros/libmicroros.a(librmw_microxrcedds-types.c.obj)
                0x08009614                rmw_uxrce_init_service_memory
 .text.rmw_uxrce_init_client_memory
                0x08009654       0x40 ../micro_ros_stm32cubemx_utils/microros_static_library_ide/libmicroros/libmicroros.a(librmw_microxrcedds-types.c.obj)
                0x08009654                rmw_uxrce_init_client_memory
 .text.rmw_uxrce_init_publisher_memory
                0x08009694       0x40 ../micro_ros_stm32cubemx_utils/microros_static_library_ide/libmicroros/libmicroros.a(librmw_microxrcedds-types.c.obj)
                0x08009694                rmw_uxrce_init_publisher_memory
 .text.rmw_uxrce_init_subscription_memory
                0x080096d4       0x40 ../micro_ros_stm32cubemx_utils/microros_static_library_ide/libmicroros/libmicroros.a(librmw_microxrcedds-types.c.obj)
                0x080096d4                rmw_uxrce_init_subscription_memory
 .text.rmw_uxrce_init_node_memory
                0x08009714       0x40 ../micro_ros_stm32cubemx_utils/microros_static_library_ide/libmicroros/libmicroros.a(librmw_microxrcedds-types.c.obj)
                0x08009714                rmw_uxrce_init_node_memory
 .text.rmw_uxrce_init_session_memory
                0x08009754       0x40 ../micro_ros_stm32cubemx_utils/microros_static_library_ide/libmicroros/libmicroros.a(librmw_microxrcedds-types.c.obj)
                0x08009754                rmw_uxrce_init_session_memory
 .text.rmw_uxrce_init_topic_memory
                0x08009794       0x40 ../micro_ros_stm32cubemx_utils/microros_static_library_ide/libmicroros/libmicroros.a(librmw_microxrcedds-types.c.obj)
                0x08009794                rmw_uxrce_init_topic_memory
 .text.rmw_uxrce_init_static_input_buffer_memory
                0x080097d4       0x40 ../micro_ros_stm32cubemx_utils/microros_static_library_ide/libmicroros/libmicroros.a(librmw_microxrcedds-types.c.obj)
                0x080097d4                rmw_uxrce_init_static_input_buffer_memory
 .text.rmw_uxrce_init_init_options_impl_memory
                0x08009814       0x40 ../micro_ros_stm32cubemx_utils/microros_static_library_ide/libmicroros/libmicroros.a(librmw_microxrcedds-types.c.obj)
                0x08009814                rmw_uxrce_init_init_options_impl_memory
 .text.rmw_uxrce_init_wait_set_memory
                0x08009854       0x40 ../micro_ros_stm32cubemx_utils/microros_static_library_ide/libmicroros/libmicroros.a(librmw_microxrcedds-types.c.obj)
                0x08009854                rmw_uxrce_init_wait_set_memory
 .text.rmw_uxrce_init_guard_condition_memory
                0x08009894       0x40 ../micro_ros_stm32cubemx_utils/microros_static_library_ide/libmicroros/libmicroros.a(librmw_microxrcedds-types.c.obj)
                0x08009894                rmw_uxrce_init_guard_condition_memory
 .text.rmw_uxrce_fini_session_memory
                0x080098d4        0xc ../micro_ros_stm32cubemx_utils/microros_static_library_ide/libmicroros/libmicroros.a(librmw_microxrcedds-types.c.obj)
                0x080098d4                rmw_uxrce_fini_session_memory
 .text.rmw_uxrce_fini_node_memory
                0x080098e0       0x30 ../micro_ros_stm32cubemx_utils/microros_static_library_ide/libmicroros/libmicroros.a(librmw_microxrcedds-types.c.obj)
                0x080098e0                rmw_uxrce_fini_node_memory
 .text.rmw_uxrce_fini_publisher_memory
                0x08009910       0x2c ../micro_ros_stm32cubemx_utils/microros_static_library_ide/libmicroros/libmicroros.a(librmw_microxrcedds-types.c.obj)
                0x08009910                rmw_uxrce_fini_publisher_memory
 .text.rmw_uxrce_fini_subscription_memory
                0x0800993c       0x2c ../micro_ros_stm32cubemx_utils/microros_static_library_ide/libmicroros/libmicroros.a(librmw_microxrcedds-types.c.obj)
                0x0800993c                rmw_uxrce_fini_subscription_memory
 .text.rmw_uxrce_fini_service_memory
                0x08009968       0x2c ../micro_ros_stm32cubemx_utils/microros_static_library_ide/libmicroros/libmicroros.a(librmw_microxrcedds-types.c.obj)
                0x08009968                rmw_uxrce_fini_service_memory
 .text.rmw_uxrce_fini_client_memory
                0x08009994       0x2c ../micro_ros_stm32cubemx_utils/microros_static_library_ide/libmicroros/libmicroros.a(librmw_microxrcedds-types.c.obj)
                0x08009994                rmw_uxrce_fini_client_memory
 .text.rmw_uxrce_fini_topic_memory
                0x080099c0       0x18 ../micro_ros_stm32cubemx_utils/microros_static_library_ide/libmicroros/libmicroros.a(librmw_microxrcedds-types.c.obj)
                0x080099c0                rmw_uxrce_fini_topic_memory
 .text.rmw_uxrce_get_static_input_buffer_for_entity
                0x080099d8       0xa0 ../micro_ros_stm32cubemx_utils/microros_static_library_ide/libmicroros/libmicroros.a(librmw_microxrcedds-types.c.obj)
                0x080099d8                rmw_uxrce_get_static_input_buffer_for_entity
 .text.run_xrce_session
                0x08009a78       0x38 ../micro_ros_stm32cubemx_utils/microros_static_library_ide/libmicroros/libmicroros.a(librmw_microxrcedds-utils.c.obj)
                0x08009a78                run_xrce_session
 .text.convert_qos_profile
                0x08009ab0       0x34 ../micro_ros_stm32cubemx_utils/microros_static_library_ide/libmicroros/libmicroros.a(librmw_microxrcedds-utils.c.obj)
                0x08009ab0                convert_qos_profile
 .text.generate_type_name
                0x08009ae4       0x60 ../micro_ros_stm32cubemx_utils/microros_static_library_ide/libmicroros/libmicroros.a(librmw_microxrcedds-utils.c.obj)
                0x08009ae4                generate_type_name
 .text.generate_topic_name
                0x08009b44       0x34 ../micro_ros_stm32cubemx_utils/microros_static_library_ide/libmicroros/libmicroros.a(librmw_microxrcedds-utils.c.obj)
                0x08009b44                generate_topic_name
 .text.is_uxrce_rmw_identifier_valid
                0x08009b78       0x1c ../micro_ros_stm32cubemx_utils/microros_static_library_ide/libmicroros/libmicroros.a(librmw_microxrcedds-utils.c.obj)
                0x08009b78                is_uxrce_rmw_identifier_valid
 .text.get_message_typesupport_handle
                0x08009b94        0x4 ../micro_ros_stm32cubemx_utils/microros_static_library_ide/libmicroros/libmicroros.a(librosidl_runtime_c-message_type_support.c.obj)
                0x08009b94                get_message_typesupport_handle
 .text.get_message_typesupport_handle_function
                0x08009b98       0x14 ../micro_ros_stm32cubemx_utils/microros_static_library_ide/libmicroros/libmicroros.a(librosidl_runtime_c-message_type_support.c.obj)
                0x08009b98                get_message_typesupport_handle_function
 .text.rosidl_typesupport_c__get_message_type_support_handle__std_msgs__msg__Int32
                0x08009bac       0x1c ../micro_ros_stm32cubemx_utils/microros_static_library_ide/libmicroros/libmicroros.a(libstd_msgs__rosidl_typesupport_c-int32__type_support.cpp.obj)
                0x08009bac                rosidl_typesupport_c__get_message_type_support_handle__std_msgs__msg__Int32
 .text.startup._GLOBAL__sub_I_rosidl_typesupport_c__get_message_type_support_handle__std_msgs__msg__Int32
                0x08009bc8       0x14 ../micro_ros_stm32cubemx_utils/microros_static_library_ide/libmicroros/libmicroros.a(libstd_msgs__rosidl_typesupport_c-int32__type_support.cpp.obj)
 .text.std_msgs__msg__Int32__rosidl_typesupport_introspection_c__Int32_init_function
                0x08009bdc        0x4 ../micro_ros_stm32cubemx_utils/microros_static_library_ide/libmicroros/libmicroros.a(libstd_msgs__rosidl_typesupport_introspection_c-int32__type_support.c.obj)
                0x08009bdc                std_msgs__msg__Int32__rosidl_typesupport_introspection_c__Int32_init_function
 .text.std_msgs__msg__Int32__rosidl_typesupport_introspection_c__Int32_fini_function
                0x08009be0        0x4 ../micro_ros_stm32cubemx_utils/microros_static_library_ide/libmicroros/libmicroros.a(libstd_msgs__rosidl_typesupport_introspection_c-int32__type_support.c.obj)
                0x08009be0                std_msgs__msg__Int32__rosidl_typesupport_introspection_c__Int32_fini_function
 .text.rosidl_typesupport_introspection_c__get_message_type_support_handle__std_msgs__msg__Int32
                0x08009be4       0x1c ../micro_ros_stm32cubemx_utils/microros_static_library_ide/libmicroros/libmicroros.a(libstd_msgs__rosidl_typesupport_introspection_c-int32__type_support.c.obj)
                0x08009be4                rosidl_typesupport_introspection_c__get_message_type_support_handle__std_msgs__msg__Int32
 .text._Int32__max_serialized_size
                0x08009c00       0x10 ../micro_ros_stm32cubemx_utils/microros_static_library_ide/libmicroros/libmicroros.a(libstd_msgs__rosidl_typesupport_microxrcedds_c-int32__type_support_c.c.obj)
 .text._Int32__cdr_deserialize
                0x08009c10        0xc ../micro_ros_stm32cubemx_utils/microros_static_library_ide/libmicroros/libmicroros.a(libstd_msgs__rosidl_typesupport_microxrcedds_c-int32__type_support_c.c.obj)
 .text.get_serialized_size_std_msgs__msg__Int32
                0x08009c1c       0x14 ../micro_ros_stm32cubemx_utils/microros_static_library_ide/libmicroros/libmicroros.a(libstd_msgs__rosidl_typesupport_microxrcedds_c-int32__type_support_c.c.obj)
                0x08009c1c                get_serialized_size_std_msgs__msg__Int32
 .text._Int32__cdr_serialize
                0x08009c30       0x10 ../micro_ros_stm32cubemx_utils/microros_static_library_ide/libmicroros/libmicroros.a(libstd_msgs__rosidl_typesupport_microxrcedds_c-int32__type_support_c.c.obj)
 .text._Int32__get_serialized_size
                0x08009c40       0x14 ../micro_ros_stm32cubemx_utils/microros_static_library_ide/libmicroros/libmicroros.a(libstd_msgs__rosidl_typesupport_microxrcedds_c-int32__type_support_c.c.obj)
 .text.rosidl_typesupport_microxrcedds_c__get_message_type_support_handle__std_msgs__msg__Int32
                0x08009c54        0x8 ../micro_ros_stm32cubemx_utils/microros_static_library_ide/libmicroros/libmicroros.a(libstd_msgs__rosidl_typesupport_microxrcedds_c-int32__type_support_c.c.obj)
                0x08009c54                rosidl_typesupport_microxrcedds_c__get_message_type_support_handle__std_msgs__msg__Int32
 .text.ucdr_serialize_bool
                0x08009c5c       0x2c ../micro_ros_stm32cubemx_utils/microros_static_library_ide/libmicroros/libmicroros.a(libmicrocdr-basic.c.obj)
                0x08009c5c                ucdr_serialize_bool
 .text.ucdr_deserialize_bool
                0x08009c88       0x30 ../micro_ros_stm32cubemx_utils/microros_static_library_ide/libmicroros/libmicroros.a(libmicrocdr-basic.c.obj)
                0x08009c88                ucdr_deserialize_bool
 .text.ucdr_serialize_uint8_t
                0x08009cb8       0x2c ../micro_ros_stm32cubemx_utils/microros_static_library_ide/libmicroros/libmicroros.a(libmicrocdr-basic.c.obj)
                0x08009cb8                ucdr_serialize_uint8_t
 .text.ucdr_deserialize_uint8_t
                0x08009ce4       0x2c ../micro_ros_stm32cubemx_utils/microros_static_library_ide/libmicroros/libmicroros.a(libmicrocdr-basic.c.obj)
                0x08009ce4                ucdr_deserialize_uint8_t
 .text.ucdr_serialize_uint16_t
                0x08009d10      0x100 ../micro_ros_stm32cubemx_utils/microros_static_library_ide/libmicroros/libmicroros.a(libmicrocdr-basic.c.obj)
                0x08009d10                ucdr_serialize_uint16_t
 .text.ucdr_serialize_endian_uint16_t
                0x08009e10      0x100 ../micro_ros_stm32cubemx_utils/microros_static_library_ide/libmicroros/libmicroros.a(libmicrocdr-basic.c.obj)
                0x08009e10                ucdr_serialize_endian_uint16_t
 .text.ucdr_deserialize_uint16_t
                0x08009f10       0xe8 ../micro_ros_stm32cubemx_utils/microros_static_library_ide/libmicroros/libmicroros.a(libmicrocdr-basic.c.obj)
                0x08009f10                ucdr_deserialize_uint16_t
 .text.ucdr_deserialize_endian_uint16_t
                0x08009ff8       0xec ../micro_ros_stm32cubemx_utils/microros_static_library_ide/libmicroros/libmicroros.a(libmicrocdr-basic.c.obj)
                0x08009ff8                ucdr_deserialize_endian_uint16_t
 .text.ucdr_serialize_uint32_t
                0x0800a0e4      0x130 ../micro_ros_stm32cubemx_utils/microros_static_library_ide/libmicroros/libmicroros.a(libmicrocdr-basic.c.obj)
                0x0800a0e4                ucdr_serialize_uint32_t
 .text.ucdr_serialize_endian_uint32_t
                0x0800a214      0x130 ../micro_ros_stm32cubemx_utils/microros_static_library_ide/libmicroros/libmicroros.a(libmicrocdr-basic.c.obj)
                0x0800a214                ucdr_serialize_endian_uint32_t
 .text.ucdr_deserialize_uint32_t
                0x0800a344      0x120 ../micro_ros_stm32cubemx_utils/microros_static_library_ide/libmicroros/libmicroros.a(libmicrocdr-basic.c.obj)
                0x0800a344                ucdr_deserialize_uint32_t
 .text.ucdr_deserialize_endian_uint32_t
                0x0800a464      0x12c ../micro_ros_stm32cubemx_utils/microros_static_library_ide/libmicroros/libmicroros.a(libmicrocdr-basic.c.obj)
                0x0800a464                ucdr_deserialize_endian_uint32_t
 .text.ucdr_serialize_uint64_t
                0x0800a590      0x1a0 ../micro_ros_stm32cubemx_utils/microros_static_library_ide/libmicroros/libmicroros.a(libmicrocdr-basic.c.obj)
                0x0800a590                ucdr_serialize_uint64_t
 .text.ucdr_serialize_int16_t
                0x0800a730      0x100 ../micro_ros_stm32cubemx_utils/microros_static_library_ide/libmicroros/libmicroros.a(libmicrocdr-basic.c.obj)
                0x0800a730                ucdr_serialize_int16_t
 .text.ucdr_deserialize_int16_t
                0x0800a830       0xe8 ../micro_ros_stm32cubemx_utils/microros_static_library_ide/libmicroros/libmicroros.a(libmicrocdr-basic.c.obj)
                0x0800a830                ucdr_deserialize_int16_t
 .text.ucdr_serialize_int32_t
                0x0800a918      0x130 ../micro_ros_stm32cubemx_utils/microros_static_library_ide/libmicroros/libmicroros.a(libmicrocdr-basic.c.obj)
                0x0800a918                ucdr_serialize_int32_t
 .text.ucdr_deserialize_int32_t
                0x0800aa48      0x120 ../micro_ros_stm32cubemx_utils/microros_static_library_ide/libmicroros/libmicroros.a(libmicrocdr-basic.c.obj)
                0x0800aa48                ucdr_deserialize_int32_t
 .text.ucdr_check_buffer_available_for
                0x0800ab68       0x18 ../micro_ros_stm32cubemx_utils/microros_static_library_ide/libmicroros/libmicroros.a(libmicrocdr-common.c.obj)
                0x0800ab68                ucdr_check_buffer_available_for
 .text.ucdr_check_final_buffer_behavior
                0x0800ab80       0x38 ../micro_ros_stm32cubemx_utils/microros_static_library_ide/libmicroros/libmicroros.a(libmicrocdr-common.c.obj)
                0x0800ab80                ucdr_check_final_buffer_behavior
 .text.ucdr_set_on_full_buffer_callback
                0x0800abb8        0x8 ../micro_ros_stm32cubemx_utils/microros_static_library_ide/libmicroros/libmicroros.a(libmicrocdr-common.c.obj)
                0x0800abb8                ucdr_set_on_full_buffer_callback
 .text.ucdr_init_buffer_origin_offset_endian
                0x0800abc0       0x2c ../micro_ros_stm32cubemx_utils/microros_static_library_ide/libmicroros/libmicroros.a(libmicrocdr-common.c.obj)
                0x0800abc0                ucdr_init_buffer_origin_offset_endian
 .text.ucdr_init_buffer_origin_offset
                0x0800abec       0x14 ../micro_ros_stm32cubemx_utils/microros_static_library_ide/libmicroros/libmicroros.a(libmicrocdr-common.c.obj)
                0x0800abec                ucdr_init_buffer_origin_offset
 .text.ucdr_init_buffer_origin
                0x0800ac00       0x10 ../micro_ros_stm32cubemx_utils/microros_static_library_ide/libmicroros/libmicroros.a(libmicrocdr-common.c.obj)
                0x0800ac00                ucdr_init_buffer_origin
 .text.ucdr_init_buffer
                0x0800ac10        0x8 ../micro_ros_stm32cubemx_utils/microros_static_library_ide/libmicroros/libmicroros.a(libmicrocdr-common.c.obj)
                0x0800ac10                ucdr_init_buffer
 .text.ucdr_alignment
                0x0800ac18       0x10 ../micro_ros_stm32cubemx_utils/microros_static_library_ide/libmicroros/libmicroros.a(libmicrocdr-common.c.obj)
                0x0800ac18                ucdr_alignment
 .text.ucdr_buffer_alignment
                0x0800ac28       0x1c ../micro_ros_stm32cubemx_utils/microros_static_library_ide/libmicroros/libmicroros.a(libmicrocdr-common.c.obj)
                0x0800ac28                ucdr_buffer_alignment
 .text.ucdr_align_to
                0x0800ac44       0x24 ../micro_ros_stm32cubemx_utils/microros_static_library_ide/libmicroros/libmicroros.a(libmicrocdr-common.c.obj)
                0x0800ac44                ucdr_align_to
 .text.ucdr_buffer_length
                0x0800ac68        0x8 ../micro_ros_stm32cubemx_utils/microros_static_library_ide/libmicroros/libmicroros.a(libmicrocdr-common.c.obj)
                0x0800ac68                ucdr_buffer_length
 .text.ucdr_buffer_remaining
                0x0800ac70        0x8 ../micro_ros_stm32cubemx_utils/microros_static_library_ide/libmicroros/libmicroros.a(libmicrocdr-common.c.obj)
                0x0800ac70                ucdr_buffer_remaining
 .text.ucdr_check_final_buffer_behavior_array
                0x0800ac78       0x38 ../micro_ros_stm32cubemx_utils/microros_static_library_ide/libmicroros/libmicroros.a(libmicrocdr-common.c.obj)
                0x0800ac78                ucdr_check_final_buffer_behavior_array
 .text.ucdr_advance_buffer
                0x0800acb0       0x40 ../micro_ros_stm32cubemx_utils/microros_static_library_ide/libmicroros/libmicroros.a(libmicrocdr-common.c.obj)
                0x0800acb0                ucdr_advance_buffer
 .text.uxr_buffer_delete_entity
                0x0800acf0       0x40 ../micro_ros_stm32cubemx_utils/microros_static_library_ide/libmicroros/libmicroros.a(libmicroxrcedds_client-common_create_entities.c.obj)
                0x0800acf0                uxr_buffer_delete_entity
 .text.uxr_common_create_entity
                0x0800ad30       0x58 ../micro_ros_stm32cubemx_utils/microros_static_library_ide/libmicroros/libmicroros.a(libmicroxrcedds_client-common_create_entities.c.obj)
                0x0800ad30                uxr_common_create_entity
 .text.uxr_buffer_create_participant_bin
                0x0800ad88       0x64 ../micro_ros_stm32cubemx_utils/microros_static_library_ide/libmicroros/libmicroros.a(libmicroxrcedds_client-create_entities_bin.c.obj)
                0x0800ad88                uxr_buffer_create_participant_bin
 .text.uxr_buffer_create_topic_bin
                0x0800adec       0x6c ../micro_ros_stm32cubemx_utils/microros_static_library_ide/libmicroros/libmicroros.a(libmicroxrcedds_client-create_entities_bin.c.obj)
                0x0800adec                uxr_buffer_create_topic_bin
 .text.uxr_buffer_create_publisher_bin
                0x0800ae58       0x60 ../micro_ros_stm32cubemx_utils/microros_static_library_ide/libmicroros/libmicroros.a(libmicroxrcedds_client-create_entities_bin.c.obj)
                0x0800ae58                uxr_buffer_create_publisher_bin
 .text.uxr_buffer_create_datawriter_bin
                0x0800aeb8       0xec ../micro_ros_stm32cubemx_utils/microros_static_library_ide/libmicroros/libmicroros.a(libmicroxrcedds_client-create_entities_bin.c.obj)
                0x0800aeb8                uxr_buffer_create_datawriter_bin
 .text.get_custom_error
                0x0800afa4        0xc ../micro_ros_stm32cubemx_utils/microros_static_library_ide/libmicroros/libmicroros.a(libmicroxrcedds_client-custom_transport.c.obj)
 .text.recv_custom_msg
                0x0800afb0       0x98 ../micro_ros_stm32cubemx_utils/microros_static_library_ide/libmicroros/libmicroros.a(libmicroxrcedds_client-custom_transport.c.obj)
 .text.send_custom_msg
                0x0800b048       0x54 ../micro_ros_stm32cubemx_utils/microros_static_library_ide/libmicroros/libmicroros.a(libmicroxrcedds_client-custom_transport.c.obj)
 .text.uxr_set_custom_transport_callbacks
                0x0800b09c       0x1c ../micro_ros_stm32cubemx_utils/microros_static_library_ide/libmicroros/libmicroros.a(libmicroxrcedds_client-custom_transport.c.obj)
                0x0800b09c                uxr_set_custom_transport_callbacks
 .text.uxr_init_custom_transport
                0x0800b0b8       0x68 ../micro_ros_stm32cubemx_utils/microros_static_library_ide/libmicroros/libmicroros.a(libmicroxrcedds_client-custom_transport.c.obj)
                0x0800b0b8                uxr_init_custom_transport
 .text.uxr_close_custom_transport
                0x0800b120        0x8 ../micro_ros_stm32cubemx_utils/microros_static_library_ide/libmicroros/libmicroros.a(libmicroxrcedds_client-custom_transport.c.obj)
                0x0800b120                uxr_close_custom_transport
 .text.uxr_object_id
                0x0800b128       0x1c ../micro_ros_stm32cubemx_utils/microros_static_library_ide/libmicroros/libmicroros.a(libmicroxrcedds_client-object_id.c.obj)
                0x0800b128                uxr_object_id
 .text.uxr_object_id_from_raw
                0x0800b144       0x28 ../micro_ros_stm32cubemx_utils/microros_static_library_ide/libmicroros/libmicroros.a(libmicroxrcedds_client-object_id.c.obj)
                0x0800b144                uxr_object_id_from_raw
 .text.uxr_object_id_to_raw
                0x0800b16c       0x1c ../micro_ros_stm32cubemx_utils/microros_static_library_ide/libmicroros/libmicroros.a(libmicroxrcedds_client-object_id.c.obj)
                0x0800b16c                uxr_object_id_to_raw
 .text.uxr_buffer_cancel_data
                0x0800b188       0x58 ../micro_ros_stm32cubemx_utils/microros_static_library_ide/libmicroros/libmicroros.a(libmicroxrcedds_client-read_access.c.obj)
                0x0800b188                uxr_buffer_cancel_data
 .text.read_submessage_format
                0x0800b1e0      0x194 ../micro_ros_stm32cubemx_utils/microros_static_library_ide/libmicroros/libmicroros.a(libmicroxrcedds_client-read_access.c.obj)
                0x0800b1e0                read_submessage_format
 .text.on_get_fragmentation_info
                0x0800b374       0x44 ../micro_ros_stm32cubemx_utils/microros_static_library_ide/libmicroros/libmicroros.a(libmicroxrcedds_client-session.c.obj)
 .text.read_submessage_get_info
                0x0800b3b8       0x6c ../micro_ros_stm32cubemx_utils/microros_static_library_ide/libmicroros/libmicroros.a(libmicroxrcedds_client-session.c.obj)
 .text.write_submessage_acknack.isra.0
                0x0800b424       0x6c ../micro_ros_stm32cubemx_utils/microros_static_library_ide/libmicroros/libmicroros.a(libmicroxrcedds_client-session.c.obj)
 .text.uxr_init_session
                0x0800b490       0x40 ../micro_ros_stm32cubemx_utils/microros_static_library_ide/libmicroros/libmicroros.a(libmicroxrcedds_client-session.c.obj)
                0x0800b490                uxr_init_session
 .text.uxr_set_status_callback
                0x0800b4d0        0x8 ../micro_ros_stm32cubemx_utils/microros_static_library_ide/libmicroros/libmicroros.a(libmicroxrcedds_client-session.c.obj)
                0x0800b4d0                uxr_set_status_callback
 .text.uxr_set_topic_callback
                0x0800b4d8        0x8 ../micro_ros_stm32cubemx_utils/microros_static_library_ide/libmicroros/libmicroros.a(libmicroxrcedds_client-session.c.obj)
                0x0800b4d8                uxr_set_topic_callback
 .text.uxr_set_request_callback
                0x0800b4e0        0x8 ../micro_ros_stm32cubemx_utils/microros_static_library_ide/libmicroros/libmicroros.a(libmicroxrcedds_client-session.c.obj)
                0x0800b4e0                uxr_set_request_callback
 .text.uxr_set_reply_callback
                0x0800b4e8        0x8 ../micro_ros_stm32cubemx_utils/microros_static_library_ide/libmicroros/libmicroros.a(libmicroxrcedds_client-session.c.obj)
                0x0800b4e8                uxr_set_reply_callback
 .text.uxr_create_output_best_effort_stream
                0x0800b4f0       0x24 ../micro_ros_stm32cubemx_utils/microros_static_library_ide/libmicroros/libmicroros.a(libmicroxrcedds_client-session.c.obj)
                0x0800b4f0                uxr_create_output_best_effort_stream
 .text.uxr_create_output_reliable_stream
                0x0800b514       0x44 ../micro_ros_stm32cubemx_utils/microros_static_library_ide/libmicroros/libmicroros.a(libmicroxrcedds_client-session.c.obj)
                0x0800b514                uxr_create_output_reliable_stream
 .text.uxr_create_input_best_effort_stream
                0x0800b558        0xc ../micro_ros_stm32cubemx_utils/microros_static_library_ide/libmicroros/libmicroros.a(libmicroxrcedds_client-session.c.obj)
                0x0800b558                uxr_create_input_best_effort_stream
 .text.uxr_create_input_reliable_stream
                0x0800b564       0x38 ../micro_ros_stm32cubemx_utils/microros_static_library_ide/libmicroros/libmicroros.a(libmicroxrcedds_client-session.c.obj)
                0x0800b564                uxr_create_input_reliable_stream
 .text.uxr_epoch_nanos
                0x0800b59c       0x14 ../micro_ros_stm32cubemx_utils/microros_static_library_ide/libmicroros/libmicroros.a(libmicroxrcedds_client-session.c.obj)
                0x0800b59c                uxr_epoch_nanos
 .text.uxr_flash_output_streams
                0x0800b5b0       0xec ../micro_ros_stm32cubemx_utils/microros_static_library_ide/libmicroros/libmicroros.a(libmicroxrcedds_client-session.c.obj)
                0x0800b5b0                uxr_flash_output_streams
 .text.read_submessage_info
                0x0800b69c       0x90 ../micro_ros_stm32cubemx_utils/microros_static_library_ide/libmicroros/libmicroros.a(libmicroxrcedds_client-session.c.obj)
                0x0800b69c                read_submessage_info
 .text.read_submessage_list
                0x0800b72c      0x310 ../micro_ros_stm32cubemx_utils/microros_static_library_ide/libmicroros/libmicroros.a(libmicroxrcedds_client-session.c.obj)
 .text.listen_message_reliably
                0x0800ba3c      0x280 ../micro_ros_stm32cubemx_utils/microros_static_library_ide/libmicroros/libmicroros.a(libmicroxrcedds_client-session.c.obj)
 .text.uxr_run_session_until_confirm_delivery
                0x0800bcbc       0x4c ../micro_ros_stm32cubemx_utils/microros_static_library_ide/libmicroros/libmicroros.a(libmicroxrcedds_client-session.c.obj)
                0x0800bcbc                uxr_run_session_until_confirm_delivery
 .text.uxr_run_session_until_all_status
                0x0800bd08       0xa4 ../micro_ros_stm32cubemx_utils/microros_static_library_ide/libmicroros/libmicroros.a(libmicroxrcedds_client-session.c.obj)
                0x0800bd08                uxr_run_session_until_all_status
 .text.wait_session_status
                0x0800bdac      0x1a0 ../micro_ros_stm32cubemx_utils/microros_static_library_ide/libmicroros/libmicroros.a(libmicroxrcedds_client-session.c.obj)
 .text.uxr_delete_session_retries
                0x0800bf4c       0x50 ../micro_ros_stm32cubemx_utils/microros_static_library_ide/libmicroros/libmicroros.a(libmicroxrcedds_client-session.c.obj)
                0x0800bf4c                uxr_delete_session_retries
 .text.uxr_create_session
                0x0800bf9c      0x1bc ../micro_ros_stm32cubemx_utils/microros_static_library_ide/libmicroros/libmicroros.a(libmicroxrcedds_client-session.c.obj)
                0x0800bf9c                uxr_create_session
 .text.uxr_prepare_stream_to_write_submessage
                0x0800c158       0x88 ../micro_ros_stm32cubemx_utils/microros_static_library_ide/libmicroros/libmicroros.a(libmicroxrcedds_client-session.c.obj)
                0x0800c158                uxr_prepare_stream_to_write_submessage
 .text.uxr_init_session_info
                0x0800c1e0       0x20 ../micro_ros_stm32cubemx_utils/microros_static_library_ide/libmicroros/libmicroros.a(libmicroxrcedds_client-session_info.c.obj)
                0x0800c1e0                uxr_init_session_info
 .text.uxr_buffer_create_session
                0x0800c200       0x54 ../micro_ros_stm32cubemx_utils/microros_static_library_ide/libmicroros/libmicroros.a(libmicroxrcedds_client-session_info.c.obj)
                0x0800c200                uxr_buffer_create_session
 .text.uxr_buffer_delete_session
                0x0800c254       0x38 ../micro_ros_stm32cubemx_utils/microros_static_library_ide/libmicroros/libmicroros.a(libmicroxrcedds_client-session_info.c.obj)
                0x0800c254                uxr_buffer_delete_session
 .text.uxr_read_create_session_status
                0x0800c28c       0x18 ../micro_ros_stm32cubemx_utils/microros_static_library_ide/libmicroros/libmicroros.a(libmicroxrcedds_client-session_info.c.obj)
                0x0800c28c                uxr_read_create_session_status
 .text.uxr_read_delete_session_status
                0x0800c2a4       0x3c ../micro_ros_stm32cubemx_utils/microros_static_library_ide/libmicroros/libmicroros.a(libmicroxrcedds_client-session_info.c.obj)
                0x0800c2a4                uxr_read_delete_session_status
 .text.uxr_stamp_create_session_header
                0x0800c2e0       0x28 ../micro_ros_stm32cubemx_utils/microros_static_library_ide/libmicroros/libmicroros.a(libmicroxrcedds_client-session_info.c.obj)
                0x0800c2e0                uxr_stamp_create_session_header
 .text.uxr_stamp_session_header
                0x0800c308       0x28 ../micro_ros_stm32cubemx_utils/microros_static_library_ide/libmicroros/libmicroros.a(libmicroxrcedds_client-session_info.c.obj)
                0x0800c308                uxr_stamp_session_header
 .text.uxr_read_session_header
                0x0800c330       0x84 ../micro_ros_stm32cubemx_utils/microros_static_library_ide/libmicroros/libmicroros.a(libmicroxrcedds_client-session_info.c.obj)
                0x0800c330                uxr_read_session_header
 .text.uxr_session_header_offset
                0x0800c3b4       0x10 ../micro_ros_stm32cubemx_utils/microros_static_library_ide/libmicroros/libmicroros.a(libmicroxrcedds_client-session_info.c.obj)
                0x0800c3b4                uxr_session_header_offset
 .text.uxr_init_base_object_request
                0x0800c3c4       0x3c ../micro_ros_stm32cubemx_utils/microros_static_library_ide/libmicroros/libmicroros.a(libmicroxrcedds_client-session_info.c.obj)
                0x0800c3c4                uxr_init_base_object_request
 .text.uxr_parse_base_object_request
                0x0800c400       0x24 ../micro_ros_stm32cubemx_utils/microros_static_library_ide/libmicroros/libmicroros.a(libmicroxrcedds_client-session_info.c.obj)
                0x0800c400                uxr_parse_base_object_request
 .text.uxr_init_framing_io
                0x0800c424        0xc ../micro_ros_stm32cubemx_utils/microros_static_library_ide/libmicroros/libmicroros.a(libmicroxrcedds_client-stream_framing_protocol.c.obj)
                0x0800c424                uxr_init_framing_io
 .text.uxr_write_framed_msg
                0x0800c430      0x2ec ../micro_ros_stm32cubemx_utils/microros_static_library_ide/libmicroros/libmicroros.a(libmicroxrcedds_client-stream_framing_protocol.c.obj)
                0x0800c430                uxr_write_framed_msg
 .text.uxr_framing_read_transport
                0x0800c71c      0x104 ../micro_ros_stm32cubemx_utils/microros_static_library_ide/libmicroros/libmicroros.a(libmicroxrcedds_client-stream_framing_protocol.c.obj)
                0x0800c71c                uxr_framing_read_transport
 .text.uxr_read_framed_msg
                0x0800c820      0x528 ../micro_ros_stm32cubemx_utils/microros_static_library_ide/libmicroros/libmicroros.a(libmicroxrcedds_client-stream_framing_protocol.c.obj)
                0x0800c820                uxr_read_framed_msg
 .text.uxr_stream_id
                0x0800cd48       0x54 ../micro_ros_stm32cubemx_utils/microros_static_library_ide/libmicroros/libmicroros.a(libmicroxrcedds_client-stream_id.c.obj)
                0x0800cd48                uxr_stream_id
 .text.uxr_stream_id_from_raw
                0x0800cd9c       0x54 ../micro_ros_stm32cubemx_utils/microros_static_library_ide/libmicroros/libmicroros.a(libmicroxrcedds_client-stream_id.c.obj)
                0x0800cd9c                uxr_stream_id_from_raw
 .text.uxr_init_stream_storage
                0x0800cdf0       0x14 ../micro_ros_stm32cubemx_utils/microros_static_library_ide/libmicroros/libmicroros.a(libmicroxrcedds_client-stream_storage.c.obj)
                0x0800cdf0                uxr_init_stream_storage
 .text.uxr_reset_stream_storage
                0x0800ce04       0x80 ../micro_ros_stm32cubemx_utils/microros_static_library_ide/libmicroros/libmicroros.a(libmicroxrcedds_client-stream_storage.c.obj)
                0x0800ce04                uxr_reset_stream_storage
 .text.uxr_add_output_best_effort_buffer
                0x0800ce84       0x28 ../micro_ros_stm32cubemx_utils/microros_static_library_ide/libmicroros/libmicroros.a(libmicroxrcedds_client-stream_storage.c.obj)
                0x0800ce84                uxr_add_output_best_effort_buffer
 .text.uxr_add_output_reliable_buffer