2024-10-26 22:27:04,387 [INFO] Activator:176 - 


2024-10-26 22:27:04,388 [INFO] Activator:177 - !SESSION log4j initialized
2024-10-26 22:27:05,853 [INFO] LogOutputStream:77 - [STDOUT_REDIRECT] 
2024-10-26 22:27:07,059 [INFO] ApplicationProperties:184 - Using Application install path: /opt/st/stm32cubeide_1.16.1/plugins/com.st.stm32cube.common.mx_6.12.1.202409122256
2024-10-26 22:27:07,070 [INFO] DbMcusXml:78 - Set database path to: /opt/st/stm32cubeide_1.16.1/plugins/com.st.stm32cube.common.mx_6.12.1.202409122256//db//mcu/
2024-10-26 22:27:07,070 [INFO] ApiDb:274 - Set plugin database path to: /opt/st/stm32cubeide_1.16.1/plugins/com.st.stm32cube.common.mx_6.12.1.202409122256//db//plugins/boardmanager/
2024-10-26 22:27:07,070 [WARN] ApiDb:259 - Overriding images path with different value:  => /opt/st/stm32cubeide_1.16.1/plugins/com.st.stm32cube.common.mx_6.12.1.202409122256//db//plugins/mcufinder/images/
2024-10-26 22:27:07,072 [INFO] ApiDb:250 - Set database path to: /home/saifa/.stmcufinder/plugins/mcufinder//mcu/
2024-10-26 22:27:07,073 [INFO] DbMcusAds:125 - Set database path to: /home/saifa/.stmcufinder/plugins/mcufinder//mcu/
2024-10-26 22:27:07,074 [INFO] CrossReferenceDbSqlite:203 - Set database path to: /home/saifa/.stmcufinder/plugins/mcufinder//mcu/cs/
2024-10-26 22:27:07,142 [INFO] RulesReader:64 - Compatibility file has been processed (297 Rules)
2024-10-26 22:27:07,191 [INFO] DbMcusXml:78 - Set database path to: /opt/st/stm32cubeide_1.16.1/plugins/com.st.stm32cube.common.mx_6.12.1.202409122256//db//mcu/
2024-10-26 22:27:07,191 [INFO] ApiDb:274 - Set plugin database path to: /opt/st/stm32cubeide_1.16.1/plugins/com.st.stm32cube.common.mx_6.12.1.202409122256//db//plugins/boardmanager/
2024-10-26 22:27:07,191 [INFO] ApiDb:261 - Set plugin images path to: /opt/st/stm32cubeide_1.16.1/plugins/com.st.stm32cube.common.mx_6.12.1.202409122256//db//plugins/mcufinder/images/
2024-10-26 22:27:07,191 [WARN] DbFile:41 - Overriding database path with different value: /home/saifa/.stmcufinder/plugins/mcufinder/ => /home/saifa/.stmcufinder/plugins/mcufinder
2024-10-26 22:27:07,191 [INFO] ApiDb:250 - Set database path to: /home/saifa/.stmcufinder/plugins/mcufinder//mcu/
2024-10-26 22:27:07,191 [WARN] DbFile:41 - Overriding database path with different value: /home/saifa/.stmcufinder/plugins/mcufinder/ => /home/saifa/.stmcufinder/plugins/mcufinder
2024-10-26 22:27:07,191 [INFO] DbMcusAds:125 - Set database path to: /home/saifa/.stmcufinder/plugins/mcufinder//mcu/
2024-10-26 22:27:07,192 [WARN] DbFile:41 - Overriding database path with different value: /home/saifa/.stmcufinder/plugins/mcufinder/ => /home/saifa/.stmcufinder/plugins/mcufinder
2024-10-26 22:27:07,192 [WARN] DbFile:41 - Overriding database path with different value: /home/saifa/.stmcufinder/plugins/mcufinder/ => /home/saifa/.stmcufinder/plugins/mcufinder
2024-10-26 22:27:07,192 [INFO] CrossReferenceDbSqlite:203 - Set database path to: /home/saifa/.stmcufinder/plugins/mcufinder//mcu/cs/
2024-10-26 22:27:07,240 [INFO] MainPanel:268 - HeapMemory: 268435456
2024-10-26 22:27:07,318 [INFO] DbMcusXml:78 - Set database path to: /opt/st/stm32cubeide_1.16.1/plugins/com.st.stm32cube.common.mx_6.12.1.202409122256//db//mcu/
2024-10-26 22:27:07,318 [INFO] ApiDb:274 - Set plugin database path to: /opt/st/stm32cubeide_1.16.1/plugins/com.st.stm32cube.common.mx_6.12.1.202409122256//db//plugins/boardmanager/
2024-10-26 22:27:07,318 [INFO] ApiDb:261 - Set plugin images path to: /opt/st/stm32cubeide_1.16.1/plugins/com.st.stm32cube.common.mx_6.12.1.202409122256//db//plugins/mcufinder/images/
2024-10-26 22:27:07,318 [WARN] DbFile:41 - Overriding database path with different value: /home/saifa/.stmcufinder/plugins/mcufinder/ => /home/saifa/.stmcufinder/plugins/mcufinder
2024-10-26 22:27:07,318 [INFO] ApiDb:250 - Set database path to: /home/saifa/.stmcufinder/plugins/mcufinder//mcu/
2024-10-26 22:27:07,318 [WARN] DbFile:41 - Overriding database path with different value: /home/saifa/.stmcufinder/plugins/mcufinder/ => /home/saifa/.stmcufinder/plugins/mcufinder
2024-10-26 22:27:07,319 [INFO] DbMcusAds:125 - Set database path to: /home/saifa/.stmcufinder/plugins/mcufinder//mcu/
2024-10-26 22:27:07,319 [WARN] DbFile:41 - Overriding database path with different value: /home/saifa/.stmcufinder/plugins/mcufinder/ => /home/saifa/.stmcufinder/plugins/mcufinder
2024-10-26 22:27:07,319 [WARN] DbFile:41 - Overriding database path with different value: /home/saifa/.stmcufinder/plugins/mcufinder/ => /home/saifa/.stmcufinder/plugins/mcufinder
2024-10-26 22:27:07,319 [INFO] CrossReferenceDbSqlite:203 - Set database path to: /home/saifa/.stmcufinder/plugins/mcufinder//mcu/cs/
2024-10-26 22:27:07,329 [INFO] ApplicationProperties:184 - Using Application install path: /opt/st/stm32cubeide_1.16.1/plugins/com.st.stm32cube.common.mx_6.12.1.202409122256
2024-10-26 22:27:07,331 [INFO] PluginManage:196 - Search for loadable plugins [exclusion list=, ]
2024-10-26 22:27:07,332 [INFO] PluginManage:310 - Check plugin analytics
2024-10-26 22:27:07,427 [INFO] AnalyticsPlugin:253 - Accepted Software Licenses: 
2024-10-26 22:27:07,427 [INFO] AnalyticsPlugin:255 - Accepted CMSIS Pack Licenses: 
2024-10-26 22:27:07,427 [INFO] AnalyticsPlugin:257 - Accepted Firmware Licenses: FW.F4.1.28.0,FW.G4.1.5.0,FW.G4.1.6.0
2024-10-26 22:27:07,429 [INFO] PluginManage:359 - Loaded plugin analytics (category:tool,tabindex:-1)
2024-10-26 22:27:07,429 [INFO] PluginManage:310 - Check plugin cadmodel
2024-10-26 22:27:07,433 [INFO] CADModel:105 - Init CAD model plugin
2024-10-26 22:27:07,433 [INFO] PluginManage:359 - Loaded plugin cadmodel (category:power,tabindex:5)
2024-10-26 22:27:07,433 [INFO] PluginManage:310 - Check plugin clock
2024-10-26 22:27:07,439 [INFO] PluginManage:359 - Loaded plugin clock (category:base,tabindex:2)
2024-10-26 22:27:07,439 [INFO] PluginManage:310 - Check plugin ddr
2024-10-26 22:27:07,440 [INFO] PluginManage:359 - Loaded plugin ddr (category:tool,tabindex:6)
2024-10-26 22:27:07,440 [INFO] PluginManage:310 - Check plugin filemanager
2024-10-26 22:27:07,534 [INFO] PluginManage:359 - Loaded plugin filemanager (category:base,tabindex:10)
2024-10-26 22:27:07,534 [INFO] PluginManage:310 - Check plugin ipmanager
2024-10-26 22:27:07,538 [INFO] PluginManage:359 - Loaded plugin ipmanager (category:base,tabindex:5)
2024-10-26 22:27:07,538 [INFO] PluginManage:310 - Check plugin lpbam
2024-10-26 22:27:07,547 [INFO] PluginManage:359 - Loaded plugin lpbam (category:base,tabindex:0)
2024-10-26 22:27:07,547 [INFO] PluginManage:310 - Check plugin memorymap
2024-10-26 22:27:07,555 [INFO] PluginManage:359 - Loaded plugin memorymap (category:base,tabindex:4)
2024-10-26 22:27:07,555 [INFO] PluginManage:310 - Check plugin pinoutandconfiguration
2024-10-26 22:27:07,559 [INFO] PluginManage:359 - Loaded plugin pinoutandconfiguration (category:base,tabindex:1)
2024-10-26 22:27:07,559 [INFO] PluginManage:310 - Check plugin pinoutconfig
2024-10-26 22:27:07,613 [WARN] SupportedApi:132 - Cannot load RTOS API schema: s4s-elt-must-match.1: The content of 'definitions' must match (annotation?, (simpleType | complexType)?, (unique | key | keyref)*)). A problem was found starting at: attribute.
2024-10-26 22:27:07,695 [INFO] PluginManage:359 - Loaded plugin pinoutconfig (category:base,tabindex:0)
2024-10-26 22:27:07,695 [INFO] PluginManage:310 - Check plugin power
2024-10-26 22:27:07,701 [INFO] PluginManage:359 - Loaded plugin power (category:power,tabindex:4)
2024-10-26 22:27:07,702 [INFO] PluginManage:310 - Check plugin projectmanager
2024-10-26 22:27:07,715 [INFO] PluginManage:359 - Loaded plugin projectmanager (category:projectmanager,tabindex:4)
2024-10-26 22:27:07,715 [INFO] PluginManage:310 - Check plugin rif
2024-10-26 22:27:07,719 [INFO] PluginManage:359 - Loaded plugin rif (category:base,tabindex:3)
2024-10-26 22:27:07,719 [INFO] PluginManage:310 - Check plugin thirdparty
2024-10-26 22:27:07,797 [INFO] PluginManage:359 - Loaded plugin thirdparty (category:base,tabindex:-1)
2024-10-26 22:27:07,797 [WARN] IntegrityCheckThread:84 - waiting for thirdparty lock release [integrity check]
2024-10-26 22:27:07,797 [INFO] PluginManage:310 - Check plugin tools
2024-10-26 22:27:07,797 [INFO] IntegrityCheckThread:86 - entering critical section [integrity check]
2024-10-26 22:27:07,797 [INFO] ThirdPartyUpdaterWithRetryManager:70 - Updater plugin not ready yet. [1/15]
2024-10-26 22:27:07,798 [INFO] PluginManage:359 - Loaded plugin tools (category:base,tabindex:7)
2024-10-26 22:27:07,799 [INFO] PluginManage:310 - Check plugin tutovideos
2024-10-26 22:27:07,905 [INFO] PluginManage:359 - Loaded plugin tutovideos (category:base,tabindex:-1)
2024-10-26 22:27:07,905 [INFO] PluginManage:310 - Check plugin updater
2024-10-26 22:27:07,916 [INFO] PluginManage:359 - Loaded plugin updater (category:base,tabindex:12)
2024-10-26 22:27:07,916 [INFO] PluginManage:310 - Check plugin userauth
2024-10-26 22:27:07,919 [INFO] UserAuth:113 - Init User Auth plugin
2024-10-26 22:27:07,920 [INFO] PluginManage:359 - Loaded plugin userauth (category:base,tabindex:14)
2024-10-26 22:27:07,920 [INFO] PluginManage:283 - PluginManage : Loaded plugins [18]
2024-10-26 22:27:08,023 [INFO] PinOutPanel:1561 - setPackage(No Configuration,No Configuration)
2024-10-26 22:27:08,074 [INFO] CADModel:165 - CPN selected for project level
2024-10-26 22:27:08,074 [INFO] CADModel:114 - Register for checkConnection events
2024-10-26 22:27:08,082 [INFO] IPUIPlugin:80 - create IPUIPlugin
2024-10-26 22:27:08,083 [INFO] PluginManager:220 - loadIPPluginJar : add resmgrutility
2024-10-26 22:27:08,084 [INFO] IPUIPlugin:80 - create IPUIPlugin
2024-10-26 22:27:08,084 [INFO] PluginManager:220 - loadIPPluginJar : add fatfs
2024-10-26 22:27:08,086 [INFO] IPUIPlugin:80 - create IPUIPlugin
2024-10-26 22:27:08,086 [INFO] PluginManager:220 - loadIPPluginJar : add dfsdm
2024-10-26 22:27:08,092 [INFO] IPUIPlugin:80 - create IPUIPlugin
2024-10-26 22:27:08,092 [INFO] PluginManager:220 - loadIPPluginJar : add adc
2024-10-26 22:27:08,096 [INFO] IPUIPlugin:80 - create IPUIPlugin
2024-10-26 22:27:08,096 [INFO] PluginManager:220 - loadIPPluginJar : add stm32_wpan
2024-10-26 22:27:08,098 [INFO] IPUIPlugin:80 - create IPUIPlugin
2024-10-26 22:27:08,098 [INFO] PluginManager:220 - loadIPPluginJar : add dma3
2024-10-26 22:27:08,100 [INFO] IPUIPlugin:80 - create IPUIPlugin
2024-10-26 22:27:08,100 [INFO] PluginManager:220 - loadIPPluginJar : add i2c
2024-10-26 22:27:08,101 [INFO] IPUIPlugin:80 - create IPUIPlugin
2024-10-26 22:27:08,101 [INFO] PluginManager:220 - loadIPPluginJar : add quadspi
2024-10-26 22:27:08,103 [INFO] IPUIPlugin:80 - create IPUIPlugin
2024-10-26 22:27:08,103 [INFO] PluginManager:220 - loadIPPluginJar : add aes
2024-10-26 22:27:08,105 [INFO] IPUIPlugin:80 - create IPUIPlugin
2024-10-26 22:27:08,105 [INFO] PluginManager:220 - loadIPPluginJar : add tracer_emb
2024-10-26 22:27:08,106 [INFO] IPUIPlugin:80 - create IPUIPlugin
2024-10-26 22:27:08,106 [INFO] PluginManager:220 - loadIPPluginJar : add ts
2024-10-26 22:27:08,109 [INFO] IPUIPlugin:80 - create IPUIPlugin
2024-10-26 22:27:08,109 [INFO] PluginManager:220 - loadIPPluginJar : add touchsensing
2024-10-26 22:27:08,112 [INFO] IPUIPlugin:80 - create IPUIPlugin
2024-10-26 22:27:08,112 [INFO] PluginManager:220 - loadIPPluginJar : add nvic
2024-10-26 22:27:08,114 [INFO] IPUIPlugin:80 - create IPUIPlugin
2024-10-26 22:27:08,114 [INFO] PluginManager:220 - loadIPPluginJar : add i2s
2024-10-26 22:27:08,116 [INFO] IPUIPlugin:80 - create IPUIPlugin
2024-10-26 22:27:08,116 [INFO] PluginManager:220 - loadIPPluginJar : add usbx
2024-10-26 22:27:08,120 [INFO] IPUIPlugin:80 - create IPUIPlugin
2024-10-26 22:27:08,121 [INFO] PluginManager:220 - loadIPPluginJar : add freertos
2024-10-26 22:27:08,127 [INFO] IPUIPlugin:80 - create IPUIPlugin
2024-10-26 22:27:08,127 [INFO] PluginManager:220 - loadIPPluginJar : add linkedlist
2024-10-26 22:27:08,129 [INFO] IPUIPlugin:80 - create IPUIPlugin
2024-10-26 22:27:08,129 [INFO] PluginManager:220 - loadIPPluginJar : add lorawan
2024-10-26 22:27:08,132 [INFO] IPUIPlugin:80 - create IPUIPlugin
2024-10-26 22:27:08,133 [INFO] PluginManager:220 - loadIPPluginJar : add fmc
2024-10-26 22:27:08,135 [INFO] IPUIPlugin:80 - create IPUIPlugin
2024-10-26 22:27:08,135 [INFO] PluginManager:220 - loadIPPluginJar : add opamp
2024-10-26 22:27:08,137 [INFO] IPUIPlugin:80 - create IPUIPlugin
2024-10-26 22:27:08,137 [INFO] PluginManager:220 - loadIPPluginJar : add gfxmmu
2024-10-26 22:27:08,138 [INFO] IPUIPlugin:80 - create IPUIPlugin
2024-10-26 22:27:08,139 [INFO] PluginManager:220 - loadIPPluginJar : add spi
2024-10-26 22:27:08,143 [INFO] IPUIPlugin:80 - create IPUIPlugin
2024-10-26 22:27:08,144 [INFO] PluginManager:220 - loadIPPluginJar : add dma
2024-10-26 22:27:08,146 [INFO] IPUIPlugin:80 - create IPUIPlugin
2024-10-26 22:27:08,146 [INFO] PluginManager:220 - loadIPPluginJar : add ddr_ctrl_phy
2024-10-26 22:27:08,148 [INFO] IPUIPlugin:80 - create IPUIPlugin
2024-10-26 22:27:08,148 [INFO] PluginManager:220 - loadIPPluginJar : add extmemmanager
2024-10-26 22:27:08,150 [INFO] IPUIPlugin:80 - create IPUIPlugin
2024-10-26 22:27:08,150 [INFO] PluginManager:220 - loadIPPluginJar : add hash
2024-10-26 22:27:08,151 [INFO] IPUIPlugin:80 - create IPUIPlugin
2024-10-26 22:27:08,151 [INFO] PluginManager:220 - loadIPPluginJar : add comp
2024-10-26 22:27:08,153 [INFO] IPUIPlugin:80 - create IPUIPlugin
2024-10-26 22:27:08,153 [INFO] PluginManager:220 - loadIPPluginJar : add cryp
2024-10-26 22:27:08,156 [INFO] IPUIPlugin:80 - create IPUIPlugin
2024-10-26 22:27:08,156 [INFO] PluginManager:220 - loadIPPluginJar : add gpio
2024-10-26 22:27:08,158 [INFO] IPUIPlugin:80 - create IPUIPlugin
2024-10-26 22:27:08,158 [INFO] PluginManager:220 - loadIPPluginJar : add gtzc
2024-10-26 22:27:08,160 [INFO] IPUIPlugin:80 - create IPUIPlugin
2024-10-26 22:27:08,160 [INFO] PluginManager:220 - loadIPPluginJar : add openamp
2024-10-26 22:27:08,162 [INFO] IPUIPlugin:80 - create IPUIPlugin
2024-10-26 22:27:08,162 [INFO] PluginManager:220 - loadIPPluginJar : add pdm2pcm
2024-10-26 22:27:08,165 [INFO] IPUIPlugin:80 - create IPUIPlugin
2024-10-26 22:27:08,165 [INFO] PluginManager:220 - loadIPPluginJar : add usart
2024-10-26 22:27:08,166 [INFO] IPUIPlugin:80 - create IPUIPlugin
2024-10-26 22:27:08,166 [INFO] PluginManager:220 - loadIPPluginJar : add ltdc
2024-10-26 22:27:08,167 [INFO] IPUIPlugin:80 - create IPUIPlugin
2024-10-26 22:27:08,167 [INFO] PluginManager:220 - loadIPPluginJar : add ucpd
2024-10-26 22:27:08,168 [INFO] IPUIPlugin:80 - create IPUIPlugin
2024-10-26 22:27:08,168 [INFO] PluginManager:220 - loadIPPluginJar : add tsc
2024-10-26 22:27:08,170 [INFO] IPUIPlugin:80 - create IPUIPlugin
2024-10-26 22:27:08,170 [INFO] PluginManager:220 - loadIPPluginJar : add i3c
2024-10-26 22:27:08,175 [INFO] IPUIPlugin:80 - create IPUIPlugin
2024-10-26 22:27:08,177 [INFO] PluginManager:220 - loadIPPluginJar : add plateformsettings
2024-10-26 22:27:08,180 [INFO] IPUIPlugin:80 - create IPUIPlugin
2024-10-26 22:27:08,180 [INFO] PluginManager:220 - loadIPPluginJar : add can
2024-10-26 22:27:08,182 [INFO] IPUIPlugin:80 - create IPUIPlugin
2024-10-26 22:27:08,182 [INFO] PluginManager:220 - loadIPPluginJar : add ipddr
2024-10-26 22:27:08,187 [INFO] IPUIPlugin:80 - create IPUIPlugin
2024-10-26 22:27:08,187 [INFO] PluginManager:220 - loadIPPluginJar : add mdma
2024-10-26 22:27:08,191 [INFO] IPUIPlugin:80 - create IPUIPlugin
2024-10-26 22:27:08,192 [INFO] PluginManager:220 - loadIPPluginJar : add gic
2024-10-26 22:27:08,193 [INFO] IPUIPlugin:80 - create IPUIPlugin
2024-10-26 22:27:08,193 [INFO] PluginManager:220 - loadIPPluginJar : add radio
2024-10-26 22:27:08,194 [INFO] IPUIPlugin:80 - create IPUIPlugin
2024-10-26 22:27:08,195 [INFO] PluginManager:220 - loadIPPluginJar : add genericplugin
2024-10-26 22:27:08,196 [INFO] IPUIPlugin:80 - create IPUIPlugin
2024-10-26 22:27:08,196 [INFO] PluginManager:220 - loadIPPluginJar : add tim
2024-10-26 22:27:08,198 [INFO] IPUIPlugin:80 - create IPUIPlugin
2024-10-26 22:27:08,198 [INFO] PluginManager:220 - loadIPPluginJar : add sai
2024-10-26 22:27:08,291 [INFO] CADModel:165 - CPN selected for project level
2024-10-26 22:27:08,291 [INFO] CADModel:114 - Register for checkConnection events
2024-10-26 22:27:08,291 [FATAL] Updater:334 - Updater called before beeing initialized
2024-10-26 22:27:08,291 [ERROR] CADModel:125 - Updater not yet initialized, retry later 
2024-10-26 22:27:08,361 [INFO] CADModel:165 - CPN selected for project level
2024-10-26 22:27:08,361 [INFO] CADModel:114 - Register for checkConnection events
2024-10-26 22:27:08,361 [FATAL] Updater:334 - Updater called before beeing initialized
2024-10-26 22:27:08,361 [ERROR] CADModel:125 - Updater not yet initialized, retry later 
2024-10-26 22:27:08,363 [FATAL] Updater:334 - Updater called before beeing initialized
2024-10-26 22:27:08,426 [FATAL] Updater:334 - Updater called before beeing initialized
2024-10-26 22:27:08,429 [INFO] DbMcusAds:53 - JSON generation date=Fri Sep 20 20:04:38 ICT 2024 (1726837478367)
2024-10-26 22:27:08,429 [FATAL] Updater:334 - Updater called before beeing initialized
2024-10-26 22:27:08,451 [WARN] DetailPanel:346 - Failed to get advertising image, set to default
2024-10-26 22:27:08,512 [FATAL] Updater:334 - Updater called before beeing initialized
2024-10-26 22:27:08,514 [FATAL] Updater:334 - Updater called before beeing initialized
2024-10-26 22:27:08,514 [FATAL] Updater:334 - Updater called before beeing initialized
2024-10-26 22:27:08,514 [WARN] DetailPanel:346 - Failed to get advertising image, set to default
2024-10-26 22:27:08,514 [FATAL] Updater:334 - Updater called before beeing initialized
2024-10-26 22:27:08,534 [ERROR] Updater:1164 - MainUpdater not yet initialized. External WinMGr cannot be set.
2024-10-26 22:27:08,536 [INFO] Updater:1100 - Updater Version found : 6.12.1
2024-10-26 22:27:08,547 [INFO] ApplicationProperties:184 - Using Application install path: /opt/st/stm32cubeide_1.16.1/plugins/com.st.stm32cube.common.mx_6.12.1.202409122256
2024-10-26 22:27:08,862 [INFO] MainUpdater:2873 - connection check result : 10
2024-10-26 22:27:08,863 [INFO] MainUpdater:290 - Updater Check For Update Now.
2024-10-26 22:27:08,863 [INFO] MicroXplorer:498 - Change Database Version : DB.6.0.121
2024-10-26 22:27:08,868 [INFO] McuFinderGlobals:63 - Set McuFinder mode to 2 (CubeIDE integrated)
2024-10-26 22:27:08,870 [INFO] UserAuth:417 - Internet connection configuration mode: 1
2024-10-26 22:27:08,880 [INFO] JxBrowserEngine:152 - Initiate JxBrowser Engine with user profile folder
2024-10-26 22:27:09,041 [INFO] CheckServerUpdateThread:120 - End of CheckServer Thread
2024-10-26 22:27:09,577 [INFO] WebApp:167 - Instantiating new browser for Auth
2024-10-26 22:27:10,189 [INFO] WebApp:448 - Apply proxy settings
2024-10-26 22:27:10,189 [INFO] WebApp:533 - Chromium requires no authentication
2024-10-26 22:27:10,195 [INFO] WebApp:476 - Direct internet connection detected
2024-10-26 22:27:10,213 [INFO] WebApp:869 - Register for checkConnection events
2024-10-26 22:27:10,213 [INFO] WebApp:448 - Apply proxy settings
2024-10-26 22:27:10,213 [INFO] WebApp:533 - Chromium requires no authentication
2024-10-26 22:27:10,213 [INFO] WebApp:476 - Direct internet connection detected
2024-10-26 22:27:10,309 [INFO] WebApp:220 - Starting web application
2024-10-26 22:27:10,309 [INFO] WebApp:578 - Web application path used /opt/st/stm32cubeide_1.16.1/plugins/com.st.stm32cube.common.mx_6.12.1.202409122256/db/plugins/mcufinder/reactClient1/index.html
2024-10-26 22:27:10,385 [INFO] UserAuth:417 - Internet connection configuration mode: 1
2024-10-26 22:27:10,688 [INFO] WebApp:186 - Connection restablished
2024-10-26 22:27:10,870 [WARN] PackLoader:240 - Cannot read IP mode file for STMicroelectronics.FP-SNS-MOTENVWB1.1.4.0
2024-10-26 22:27:10,876 [WARN] PackLoader:240 - Cannot read IP mode file for STMicroelectronics.X-CUBE-SMBUS.2.1.0
2024-10-26 22:27:10,884 [WARN] PackLoader:240 - Cannot read IP mode file for STMicroelectronics.X-CUBE-WB05N.1.1.0
2024-10-26 22:27:10,906 [WARN] PackLoader:240 - Cannot read IP mode file for STMicroelectronics.X-CUBE-AZRTOS-F7.1.1.0
2024-10-26 22:27:10,961 [WARN] PackLoader:240 - Cannot read IP mode file for STMicroelectronics.X-CUBE-MEMS1.11.0.0
2024-10-26 22:27:11,151 [WARN] PackLoader:240 - Cannot read IP mode file for STMicroelectronics.FP-SNS-FLIGHT1.5.0.2
2024-10-26 22:27:11,162 [WARN] PackLoader:240 - Cannot read IP mode file for STMicroelectronics.X-CUBE-DISPLAY.3.0.0
2024-10-26 22:27:11,176 [WARN] PackLoader:240 - Cannot read IP mode file for STMicroelectronics.X-CUBE-BLE1.7.0.0
2024-10-26 22:27:11,186 [WARN] PackLoader:240 - Cannot read IP mode file for STMicroelectronics.X-CUBE-NFC10.1.0.0
2024-10-26 22:27:11,195 [WARN] PackLoader:240 - Cannot read IP mode file for emotas.I-CUBE-CANOPEN.1.3.0
2024-10-26 22:27:11,209 [WARN] PackLoader:240 - Cannot read IP mode file for STMicroelectronics.X-CUBE-BLEMGR.3.1.0
2024-10-26 22:27:11,218 [WARN] PackLoader:240 - Cannot read IP mode file for STMicroelectronics.FP-SNS-SMARTAG2.1.2.0
2024-10-26 22:27:11,231 [INFO] LogOutputStream:77 - [STDOUT_REDIRECT] 1 : Invalid condition id : UX_CORESTACK_Condition cause : null
2024-10-26 22:27:11,232 [INFO] LogOutputStream:77 - [STDOUT_REDIRECT] 1 : Invalid condition id : UX_CORESTACK_Condition cause : null
2024-10-26 22:27:11,232 [INFO] LogOutputStream:77 - [STDOUT_REDIRECT] 1 : Invalid condition id : UX_CORESTACK_Condition cause : null
2024-10-26 22:27:11,232 [INFO] LogOutputStream:77 - [STDOUT_REDIRECT] 1 : Invalid condition id : UX_CORESTACK_Condition cause : null
2024-10-26 22:27:11,233 [INFO] LogOutputStream:77 - [STDOUT_REDIRECT] 1 : Invalid condition id : UX_CORESTACK_Condition cause : null
2024-10-26 22:27:11,238 [WARN] PackLoader:240 - Cannot read IP mode file for STMicroelectronics.X-CUBE-AZRTOS-WL.2.0.0
2024-10-26 22:27:11,246 [WARN] PackLoader:240 - Cannot read IP mode file for STMicroelectronics.FP-SNS-MOTENV1.5.0.0
2024-10-26 22:27:11,253 [WARN] PackLoader:240 - Cannot read IP mode file for wolfSSL.I-CUBE-wolfMQTT.1.19.0
2024-10-26 22:27:11,262 [WARN] PackLoader:240 - Cannot read IP mode file for WES.I-CUBE-Cesium.1.3.0
2024-10-26 22:27:11,268 [WARN] PackLoader:240 - Cannot read IP mode file for STMicroelectronics.X-CUBE-BLE2.3.3.0
2024-10-26 22:27:11,276 [WARN] PackLoader:240 - Cannot read IP mode file for STMicroelectronics.X-CUBE-NFC9.1.0.0
2024-10-26 22:27:11,284 [WARN] PackLoader:240 - Cannot read IP mode file for STMicroelectronics.X-CUBE-TCPP.4.1.0
2024-10-26 22:27:11,304 [WARN] PackLoader:240 - Cannot read IP mode file for STMicroelectronics.X-CUBE-AZRTOS-G0.1.1.0
2024-10-26 22:27:11,314 [WARN] PackLoader:240 - Cannot read IP mode file for STMicroelectronics.X-CUBE-SAFEA1.1.2.2
2024-10-26 22:27:11,322 [WARN] PackLoader:240 - Cannot read IP mode file for STMicroelectronics.X-CUBE-NFC4.3.0.0
2024-10-26 22:27:11,332 [WARN] PackLoader:240 - Cannot read IP mode file for EmbeddedOffice.I-CUBE-FS-RTOS.1.0.1
2024-10-26 22:27:11,332 [ERROR] ConditionMgr:805 - Attr not supported : Dmpu
2024-10-26 22:27:11,333 [ERROR] ConditionMgr:805 - Attr not supported : Dmpu
2024-10-26 22:27:11,333 [ERROR] ConditionMgr:805 - Attr not supported : Dmpu
2024-10-26 22:27:11,333 [ERROR] ConditionMgr:805 - Attr not supported : Dmpu
2024-10-26 22:27:11,333 [ERROR] ConditionMgr:805 - Attr not supported : Dmpu
2024-10-26 22:27:11,334 [ERROR] ConditionMgr:805 - Attr not supported : Dmpu
2024-10-26 22:27:11,334 [ERROR] ConditionMgr:805 - Attr not supported : Dmpu
2024-10-26 22:27:11,334 [ERROR] ConditionMgr:805 - Attr not supported : Dmpu
2024-10-26 22:27:11,334 [ERROR] ConditionMgr:805 - Attr not supported : Dmpu
2024-10-26 22:27:11,334 [ERROR] ConditionMgr:805 - Attr not supported : Dmpu
2024-10-26 22:27:11,334 [ERROR] ConditionMgr:805 - Attr not supported : Dmpu
2024-10-26 22:27:11,334 [ERROR] ConditionMgr:805 - Attr not supported : Dmpu
2024-10-26 22:27:11,334 [ERROR] ConditionMgr:805 - Attr not supported : Dmpu
2024-10-26 22:27:11,334 [ERROR] ConditionMgr:805 - Attr not supported : Dmpu
2024-10-26 22:27:11,334 [ERROR] ConditionMgr:805 - Attr not supported : Dmpu
2024-10-26 22:27:11,334 [ERROR] ConditionMgr:805 - Attr not supported : Dmpu
2024-10-26 22:27:11,335 [ERROR] ConditionMgr:805 - Attr not supported : Dmpu
2024-10-26 22:27:11,335 [ERROR] ConditionMgr:805 - Attr not supported : Dmpu
2024-10-26 22:27:11,335 [ERROR] ConditionMgr:805 - Attr not supported : Dmpu
2024-10-26 22:27:11,335 [ERROR] ConditionMgr:805 - Attr not supported : Dmpu
2024-10-26 22:27:11,335 [ERROR] ConditionMgr:805 - Attr not supported : Dmpu
2024-10-26 22:27:11,335 [ERROR] ConditionMgr:805 - Attr not supported : Dmpu
2024-10-26 22:27:11,335 [ERROR] ConditionMgr:805 - Attr not supported : Dmpu
2024-10-26 22:27:11,335 [ERROR] ConditionMgr:805 - Attr not supported : Dmpu
2024-10-26 22:27:11,335 [ERROR] ConditionMgr:805 - Attr not supported : Dmpu
2024-10-26 22:27:11,335 [ERROR] ConditionMgr:805 - Attr not supported : Dmpu
2024-10-26 22:27:11,335 [ERROR] ConditionMgr:805 - Attr not supported : Dmpu
2024-10-26 22:27:11,335 [ERROR] ConditionMgr:805 - Attr not supported : Dmpu
2024-10-26 22:27:11,335 [ERROR] ConditionMgr:805 - Attr not supported : Dmpu
2024-10-26 22:27:11,336 [ERROR] ConditionMgr:805 - Attr not supported : Dmpu
2024-10-26 22:27:11,336 [ERROR] ConditionMgr:805 - Attr not supported : Dmpu
2024-10-26 22:27:11,336 [ERROR] ConditionMgr:805 - Attr not supported : Dmpu
2024-10-26 22:27:11,336 [ERROR] ConditionMgr:805 - Attr not supported : Dmpu
2024-10-26 22:27:11,336 [ERROR] ConditionMgr:805 - Attr not supported : Dmpu
2024-10-26 22:27:11,336 [ERROR] ConditionMgr:805 - Attr not supported : Dmpu
2024-10-26 22:27:11,336 [ERROR] ConditionMgr:805 - Attr not supported : Dmpu
2024-10-26 22:27:11,336 [ERROR] ConditionMgr:805 - Attr not supported : Dmpu
2024-10-26 22:27:11,336 [ERROR] ConditionMgr:805 - Attr not supported : Dmpu
2024-10-26 22:27:11,337 [ERROR] ConditionMgr:805 - Attr not supported : Dmpu
2024-10-26 22:27:11,337 [ERROR] ConditionMgr:805 - Attr not supported : Dmpu
2024-10-26 22:27:11,337 [ERROR] ConditionMgr:805 - Attr not supported : Dmpu
2024-10-26 22:27:11,337 [ERROR] ConditionMgr:805 - Attr not supported : Dmpu
2024-10-26 22:27:11,337 [ERROR] ConditionMgr:805 - Attr not supported : Dmpu
2024-10-26 22:27:11,337 [ERROR] ConditionMgr:805 - Attr not supported : Dmpu
2024-10-26 22:27:11,337 [ERROR] ConditionMgr:805 - Attr not supported : Dmpu
2024-10-26 22:27:11,337 [ERROR] ConditionMgr:805 - Attr not supported : Dmpu
2024-10-26 22:27:11,337 [ERROR] ConditionMgr:805 - Attr not supported : Dmpu
2024-10-26 22:27:11,337 [ERROR] ConditionMgr:805 - Attr not supported : Dmpu
2024-10-26 22:27:11,337 [ERROR] ConditionMgr:805 - Attr not supported : Dmpu
2024-10-26 22:27:11,338 [ERROR] ConditionMgr:805 - Attr not supported : Dmpu
2024-10-26 22:27:11,338 [ERROR] ConditionMgr:805 - Attr not supported : Dmpu
2024-10-26 22:27:11,338 [ERROR] ConditionMgr:805 - Attr not supported : Dmpu
2024-10-26 22:27:11,338 [ERROR] ConditionMgr:805 - Attr not supported : Dmpu
2024-10-26 22:27:11,338 [ERROR] ConditionMgr:805 - Attr not supported : Dmpu
2024-10-26 22:27:11,338 [ERROR] ConditionMgr:805 - Attr not supported : Dmpu
2024-10-26 22:27:11,338 [ERROR] ConditionMgr:805 - Attr not supported : Dmpu
2024-10-26 22:27:11,338 [ERROR] ConditionMgr:805 - Attr not supported : Dmpu
2024-10-26 22:27:11,338 [ERROR] ConditionMgr:805 - Attr not supported : Dmpu
2024-10-26 22:27:11,338 [ERROR] ConditionMgr:805 - Attr not supported : Dmpu
2024-10-26 22:27:11,338 [ERROR] ConditionMgr:805 - Attr not supported : Dmpu
2024-10-26 22:27:11,339 [ERROR] ConditionMgr:805 - Attr not supported : Dmpu
2024-10-26 22:27:11,339 [ERROR] ConditionMgr:805 - Attr not supported : Dmpu
2024-10-26 22:27:11,339 [ERROR] ConditionMgr:805 - Attr not supported : Dmpu
2024-10-26 22:27:11,339 [ERROR] ConditionMgr:805 - Attr not supported : Dmpu
2024-10-26 22:27:11,344 [WARN] PackLoader:240 - Cannot read IP mode file for RealThread.X-CUBE-RT-Thread_Nano.4.1.1
2024-10-26 22:27:11,348 [WARN] PackLoader:240 - Cannot read IP mode file for STMicroelectronics.FP-ATR-SIGFOX1.3.2.0
2024-10-26 22:27:11,353 [WARN] PackLoader:240 - Cannot read IP mode file for wolfSSL.I-CUBE-wolfSSL.5.7.2
2024-10-26 22:27:11,360 [WARN] PackLoader:240 - Cannot read IP mode file for STMicroelectronics.X-CUBE-EEPRMA1.5.1.0
2024-10-26 22:27:11,369 [WARN] PackLoader:240 - Cannot read IP mode file for ITTIA_DB.I-CUBE-ITTIADB.8.9.0
2024-10-26 22:27:11,407 [WARN] PackLoader:240 - Cannot read IP mode file for SEGGER.I-CUBE-embOS.1.3.1
2024-10-26 22:27:11,465 [WARN] PackLoader:240 - Cannot read IP mode file for STMicroelectronics.X-CUBE-ALGOBUILD.1.4.0
2024-10-26 22:27:11,470 [WARN] PackLoader:240 - Cannot read IP mode file for STMicroelectronics.X-CUBE-AI.9.1.0
2024-10-26 22:27:11,485 [WARN] PackLoader:240 - Cannot read IP mode file for STMicroelectronics.X-CUBE-AZRTOS-F4.1.1.0
2024-10-26 22:27:11,493 [WARN] PackLoader:240 - Cannot read IP mode file for STMicroelectronics.X-CUBE-ISPU.2.1.0
2024-10-26 22:27:11,497 [WARN] PackLoader:240 - Cannot read IP mode file for STMicroelectronics.X-CUBE-FREERTOS.1.2.0
2024-10-26 22:27:11,511 [WARN] PackLoader:240 - Cannot read IP mode file for STMicroelectronics.X-CUBE-AZRTOS-L5.2.0.0
2024-10-26 22:27:11,523 [WARN] PackLoader:240 - Cannot read IP mode file for STMicroelectronics.X-CUBE-NFC6.3.1.0
2024-10-26 22:27:11,530 [WARN] PackLoader:240 - Cannot read IP mode file for STMicroelectronics.X-CUBE-DPower.1.2.0
2024-10-26 22:27:11,533 [WARN] PackLoader:240 - Cannot read IP mode file for STMicroelectronics.X-CUBE-AI.9.0.0
2024-10-26 22:27:11,539 [WARN] PackLoader:240 - Cannot read IP mode file for STMicroelectronics.X-CUBE-NFC7.1.0.1
2024-10-26 22:27:11,555 [WARN] ConditionMgr:438 - getConditionDescription Invalid condition id : LAN8742 Phy interface Condition cause : null
2024-10-26 22:27:11,555 [WARN] PackLoader:240 - Cannot read IP mode file for STMicroelectronics.X-CUBE-AZRTOS-L4.2.0.0
2024-10-26 22:27:11,558 [WARN] ConditionMgr:1039 - genDependencies : Invalid condition id : LAN8742 Phy interface Condition cause : null
2024-10-26 22:27:11,559 [WARN] ConditionMgr:1039 - genDependencies : Invalid condition id : LAN8742 Phy interface Condition cause : null
2024-10-26 22:27:11,559 [WARN] ConditionMgr:1039 - genDependencies : Invalid condition id : LAN8742 Phy interface Condition cause : null
2024-10-26 22:27:11,565 [WARN] PackLoader:240 - Cannot read IP mode file for STMicroelectronics.X-CUBE-SFXS2LP1.4.0.0
2024-10-26 22:27:11,586 [WARN] PackLoader:240 - Cannot read IP mode file for STMicroelectronics.X-CUBE-AZRTOS-H7.3.3.0
2024-10-26 22:27:11,602 [WARN] PackLoader:240 - Cannot read IP mode file for STMicroelectronics.X-CUBE-IPS.3.0.0
2024-10-26 22:27:11,618 [WARN] ConditionMgr:438 - getConditionDescription Invalid condition id : UX DEVICE CLASS RTOS Condition cause : null
2024-10-26 22:27:11,618 [WARN] ConditionMgr:438 - getConditionDescription Invalid condition id : UX DEVICE CLASS RTOS Condition cause : null
2024-10-26 22:27:11,621 [WARN] PackLoader:240 - Cannot read IP mode file for STMicroelectronics.X-CUBE-AZRTOS-WB.2.0.0
2024-10-26 22:27:11,622 [WARN] ConditionMgr:1039 - genDependencies : Invalid condition id : UX DEVICE CLASS RTOS Condition cause : null
2024-10-26 22:27:11,623 [WARN] ConditionMgr:1039 - genDependencies : Invalid condition id : UX DEVICE CLASS RTOS Condition cause : null
2024-10-26 22:27:11,624 [WARN] ConditionMgr:1039 - genDependencies : Invalid condition id : UX DEVICE CLASS RTOS Condition cause : null
2024-10-26 22:27:11,625 [WARN] ConditionMgr:1039 - genDependencies : Invalid condition id : UX DEVICE CLASS RTOS Condition cause : null
2024-10-26 22:27:11,625 [WARN] ConditionMgr:1039 - genDependencies : Invalid condition id : UX DEVICE CLASS RTOS Condition cause : null
2024-10-26 22:27:11,628 [WARN] PackLoader:240 - Cannot read IP mode file for STMicroelectronics.X-CUBE-GNSS1.7.0.0
2024-10-26 22:27:11,637 [WARN] PackLoader:240 - Cannot read IP mode file for STMicroelectronics.FP-SNS-STBOX1.2.0.0
2024-10-26 22:27:11,650 [WARN] PackLoader:240 - Cannot read IP mode file for STMicroelectronics.X-CUBE-SUBG2.5.0.0
2024-10-26 22:27:11,663 [WARN] PackLoader:240 - Cannot read IP mode file for Cesanta.I-CUBE-Mongoose.7.13.0
2024-10-26 22:27:11,674 [WARN] PackLoader:240 - Cannot read IP mode file for STMicroelectronics.X-CUBE-AZRTOS-G4.2.0.0
2024-10-26 22:27:11,679 [WARN] PackLoader:240 - Cannot read IP mode file for STMicroelectronics.X-CUBE-ALS.1.0.2
2024-10-26 22:27:11,683 [WARN] PackLoader:240 - Cannot read IP mode file for STMicroelectronics.X-CUBE-TOUCHGFX.4.24.0
2024-10-26 22:27:11,687 [WARN] PackLoader:240 - Cannot read IP mode file for STMicroelectronics.X-CUBE-TOUCHGFX.4.24.1
2024-10-26 22:27:11,692 [WARN] PackLoader:240 - Cannot read IP mode file for wolfSSL.I-CUBE-wolfTPM.3.4.0
2024-10-26 22:27:11,695 [WARN] PackLoader:240 - Cannot read IP mode file for portGmbH.I-Cube-SoM-uGOAL.1.1.0
2024-10-26 22:27:11,709 [WARN] PackLoader:240 - Cannot read IP mode file for STMicroelectronics.X-CUBE-AZRTOS-H7RS.1.0.0
2024-10-26 22:27:11,713 [WARN] PackLoader:240 - Cannot read IP mode file for STMicroelectronics.FP-ATR-ASTRA1.2.0.0
2024-10-26 22:27:11,720 [WARN] PackLoader:240 - Cannot read IP mode file for STMicroelectronics.X-CUBE-TOF1.3.4.2
2024-10-26 22:27:11,747 [WARN] PackLoader:240 - Cannot read IP mode file for Infineon.AIROC-Wi-Fi-Bluetooth-STM32.1.6.1
2024-10-26 22:27:11,755 [WARN] PackLoader:240 - Cannot read IP mode file for wolfSSL.I-CUBE-wolfSSH.1.4.17
2024-10-26 22:27:11,757 [INFO] ThirdParty:978 - Integrity check success = true
2024-10-26 22:27:11,757 [INFO] IntegrityCheckThread:100 - exiting critical section [integrity check]
2024-10-26 22:27:11,757 [INFO] IntegrityCheckThread:103 - End integrity checks thread
