04:30:12 **** Incremental Build of configuration Debug for project nucleo_uros ****
make -j16 all 
docker pull microros/micro_ros_static_library_builder:humble && docker run --rm -v /home/saifa/Desktop/FUN5-1/firmware/nucleo_uros:/project --env MICROROS_LIBRARY_FOLDER=micro_ros_stm32cubemx_utils/microros_static_library_ide microros/micro_ros_static_library_builder:humble
humble: Pulling from microros/micro_ros_static_library_builder
Digest: sha256:83ab4e8ce95b2a62feb5dd270ad4460218d2d026a455ea32a5873cf629aa1e99
Status: Image is up to date for microros/micro_ros_static_library_builder:humble
docker.io/microros/micro_ros_static_library_builder:humble
dos2unix: converting file /project/micro_ros_stm32cubemx_utils/microros_static_library_ide/library_generation/library_generation.sh to Unix format...
micro-ROS library found. Skipping...
Delete micro_ros_stm32cubemx_utils/microros_static_library_ide/libmicroros/ for rebuild.
 
arm-none-eabi-gcc "../Core/Src/main.c" -mcpu=cortex-m4 -std=gnu11 -g3 -DDEBUG -DUSE_HAL_DRIVER -DSTM32G474xx -c -I../Core/Inc -I../micro_ros_stm32cubemx_utils/microros_static_library_ide/libmicroros/include -I../Drivers/STM32G4xx_HAL_Driver/Inc -I../Drivers/STM32G4xx_HAL_Driver/Inc/Legacy -I../Drivers/CMSIS/Device/ST/STM32G4xx/Include -I../Drivers/CMSIS/Include -I../Middlewares/Third_Party/FreeRTOS/Source/include -I../Middlewares/Third_Party/FreeRTOS/Source/CMSIS_RTOS_V2 -I../Middlewares/Third_Party/FreeRTOS/Source/portable/GCC/ARM_CM4F -O0 -ffunction-sections -fdata-sections -Wall -fstack-usage -fcyclomatic-complexity -MMD -MP -MF"Core/Src/main.d" -MT"Core/Src/main.o" --specs=nano.specs -mfpu=fpv4-sp-d16 -mfloat-abi=hard -mthumb -o "Core/Src/main.o"
../Core/Src/main.c: In function 'StartDefaultTask':
../Core/Src/main.c:129:21: warning: variable 'freeRTOS_allocator' set but not used [-Wunused-but-set-variable]
  129 |     rcl_allocator_t freeRTOS_allocator = rcutils_get_zero_initialized_allocator();
      |                     ^~~~~~~~~~~~~~~~~~
../Core/Src/main.c: In function 'Button_manage':
../Core/Src/main.c:323:49: warning: comparison between 'GPIO_PinState' and 'enum <anonymous>' [-Wenum-compare]
  323 |         if (HAL_GPIO_ReadPin(GPIOA, GPIO_PIN_6) == RESET) {
      |                                                 ^~
../Core/Src/main.c:326:54: warning: comparison between 'GPIO_PinState' and 'enum <anonymous>' [-Wenum-compare]
  326 |         else if (HAL_GPIO_ReadPin(GPIOA, GPIO_PIN_7) == RESET) {
      |                                                      ^~
../Core/Src/main.c:329:54: warning: comparison between 'GPIO_PinState' and 'enum <anonymous>' [-Wenum-compare]
  329 |         else if (HAL_GPIO_ReadPin(GPIOB, GPIO_PIN_6) == RESET) {
      |                                                      ^~
../Core/Src/main.c:332:54: warning: comparison between 'GPIO_PinState' and 'enum <anonymous>' [-Wenum-compare]
  332 |         else if (HAL_GPIO_ReadPin(GPIOC, GPIO_PIN_7) == RESET) {
      |                                                      ^~
../Core/Src/main.c:335:54: warning: comparison between 'GPIO_PinState' and 'enum <anonymous>' [-Wenum-compare]
  335 |         else if (HAL_GPIO_ReadPin(GPIOA, GPIO_PIN_9) == RESET) {
      |                                                      ^~
../Core/Src/main.c: In function 'StartDefaultTask':
../Core/Src/main.c:144:5: warning: ignoring return value of 'rcl_init_options_init' declared with attribute 'warn_unused_result' [-Wunused-result]
  144 |     rcl_init_options_init(&init_options, allocator);
      |     ^~~~~~~~~~~~~~~~~~~~~~~~~~~~~~~~~~~~~~~~~~~~~~~
../Core/Src/main.c:145:5: warning: ignoring return value of 'rcl_init_options_set_domain_id' declared with attribute 'warn_unused_result' [-Wunused-result]
  145 |     rcl_init_options_set_domain_id(&init_options, 1);
      |     ^~~~~~~~~~~~~~~~~~~~~~~~~~~~~~~~~~~~~~~~~~~~~~~~
../Core/Src/main.c: In function 'timer_callback_rcl':
../Core/Src/main.c:307:17: warning: ignoring return value of 'rcl_publish' declared with attribute 'warn_unused_result' [-Wunused-result]
  307 |                 rcl_publish(&publisher_x, &msg_x, NULL);
      |                 ^~~~~~~~~~~~~~~~~~~~~~~~~~~~~~~~~~~~~~~
../Core/Src/main.c:308:17: warning: ignoring return value of 'rcl_publish' declared with attribute 'warn_unused_result' [-Wunused-result]
  308 |                 rcl_publish(&publisher_y, &msg_y, NULL);
      |                 ^~~~~~~~~~~~~~~~~~~~~~~~~~~~~~~~~~~~~~~
../Core/Src/main.c: In function 'Button_manage':
../Core/Src/main.c:342:9: warning: ignoring return value of 'rcl_publish' declared with attribute 'warn_unused_result' [-Wunused-result]
  342 |         rcl_publish(&publisher_Button, &msg_Button, NULL);
      |         ^~~~~~~~~~~~~~~~~~~~~~~~~~~~~~~~~~~~~~~~~~~~~~~~~
arm-none-eabi-gcc -o "nucleo_uros.elf" @"objects.list"  -lmicroros -mcpu=cortex-m4 -T"/home/saifa/Desktop/FUN5-1/firmware/nucleo_uros/STM32G474RETX_FLASH.ld" --specs=nosys.specs -Wl,-Map="nucleo_uros.map" -Wl,--gc-sections -static -L../micro_ros_stm32cubemx_utils/microros_static_library_ide/libmicroros --specs=nano.specs -mfpu=fpv4-sp-d16 -mfloat-abi=hard -mthumb -Wl,--start-group -lc -lm -Wl,--end-group
/opt/st/stm32cubeide_1.16.1/plugins/com.st.stm32cube.ide.mcu.externaltools.gnu-tools-for-stm32.12.3.rel1.linux64_1.0.200.202406132123/tools/bin/../lib/gcc/arm-none-eabi/12.3.1/../../../../arm-none-eabi/bin/ld: /opt/st/stm32cubeide_1.16.1/plugins/com.st.stm32cube.ide.mcu.externaltools.gnu-tools-for-stm32.12.3.rel1.linux64_1.0.200.202406132123/tools/bin/../lib/gcc/arm-none-eabi/12.3.1/../../../../arm-none-eabi/lib/thumb/v7e-m+fp/hard/libc_nano.a(libc_a-gettimeofdayr.o): in function `_gettimeofday_r':
(.text._gettimeofday_r+0xe): warning: _gettimeofday is not implemented and will always fail
Finished building target: nucleo_uros.elf
 
arm-none-eabi-size  nucleo_uros.elf 
arm-none-eabi-objdump -h -S nucleo_uros.elf  > "nucleo_uros.list"
   text	   data	    bss	    dec	    hex	filename
 100588	    272	  45744	 146604	  23cac	nucleo_uros.elf
Finished building: default.size.stdout
 
Finished building: nucleo_uros.list
 

04:30:16 Build Finished. 0 errors, 12 warnings. (took 4s.810ms)

