05:19:38 **** Incremental Build of configuration Debug for project nucleo_uros ****
make -j8 all 
docker pull microros/micro_ros_static_library_builder:humble && docker run --rm -v /home/nakarin/uros_ws/firmware/nucleo_uros:/project --env MICROROS_LIBRARY_FOLDER=micro_ros_stm32cubemx_utils/microros_static_library_ide microros/micro_ros_static_library_builder:humble
humble: Pulling from microros/micro_ros_static_library_builder
Digest: sha256:83ab4e8ce95b2a62feb5dd270ad4460218d2d026a455ea32a5873cf629aa1e99
Status: Image is up to date for microros/micro_ros_static_library_builder:humble
docker.io/microros/micro_ros_static_library_builder:humble
dos2unix: converting file /project/micro_ros_stm32cubemx_utils/microros_static_library_ide/library_generation/library_generation.sh to Unix format...
micro-ROS library found. Skipping...
Delete micro_ros_stm32cubemx_utils/microros_static_library_ide/libmicroros/ for rebuild.
 
arm-none-eabi-gcc "../Core/Src/app_freertos.c" -mcpu=cortex-m4 -std=gnu11 -g3 -DDEBUG -DUSE_HAL_DRIVER -DSTM32G474xx -c -I../Core/Inc -I../micro_ros_stm32cubemx_utils/microros_static_library_ide/libmicroros/include -I../Drivers/STM32G4xx_HAL_Driver/Inc -I../Drivers/STM32G4xx_HAL_Driver/Inc/Legacy -I../Drivers/CMSIS/Device/ST/STM32G4xx/Include -I../Drivers/CMSIS/Include -I../Middlewares/Third_Party/FreeRTOS/Source/include -I../Middlewares/Third_Party/FreeRTOS/Source/CMSIS_RTOS_V2 -I../Middlewares/Third_Party/FreeRTOS/Source/portable/GCC/ARM_CM4F -O0 -ffunction-sections -fdata-sections -Wall -fstack-usage -fcyclomatic-complexity -MMD -MP -MF"Core/Src/app_freertos.d" -MT"Core/Src/app_freertos.o" --specs=nano.specs -mfpu=fpv4-sp-d16 -mfloat-abi=hard -mthumb -o "Core/Src/app_freertos.o"
arm-none-eabi-gcc -o "nucleo_uros.elf" @"objects.list"  -lmicroros -mcpu=cortex-m4 -T"/home/nakarin/uros_ws/firmware/nucleo_uros/STM32G474RETX_FLASH.ld" --specs=nosys.specs -Wl,-Map="nucleo_uros.map" -Wl,--gc-sections -static -L../micro_ros_stm32cubemx_utils/microros_static_library_ide/libmicroros --specs=nano.specs -mfpu=fpv4-sp-d16 -mfloat-abi=hard -mthumb -Wl,--start-group -lc -lm -Wl,--end-group
Finished building target: nucleo_uros.elf
 
arm-none-eabi-size  nucleo_uros.elf 
arm-none-eabi-objdump -h -S nucleo_uros.elf  > "nucleo_uros.list"
   text	   data	    bss	    dec	    hex	filename
  78648	    272	  45368	 124288	  1e580	nucleo_uros.elf
Finished building: default.size.stdout
 
Finished building: nucleo_uros.list
 

05:19:42 Build Finished. 0 errors, 0 warnings. (took 3s.832ms)

